Archive member included to satisfy reference by file (symbol)

/opt/Atollic_TrueSTUDIO_for_STM32_x86_64_9.3.0/ARMTools/bin/../lib/gcc/arm-atollic-eabi/6.3.1/../../../../arm-atollic-eabi/lib/armv6-m/libc_nano.a(lib_a-errno.o)
                              Src/syscalls.o (__errno)
/opt/Atollic_TrueSTUDIO_for_STM32_x86_64_9.3.0/ARMTools/bin/../lib/gcc/arm-atollic-eabi/6.3.1/../../../../arm-atollic-eabi/lib/armv6-m/libc_nano.a(lib_a-impure.o)
                              /opt/Atollic_TrueSTUDIO_for_STM32_x86_64_9.3.0/ARMTools/bin/../lib/gcc/arm-atollic-eabi/6.3.1/../../../../arm-atollic-eabi/lib/armv6-m/libc_nano.a(lib_a-errno.o) (_impure_ptr)
/opt/Atollic_TrueSTUDIO_for_STM32_x86_64_9.3.0/ARMTools/bin/../lib/gcc/arm-atollic-eabi/6.3.1/../../../../arm-atollic-eabi/lib/armv6-m/libc_nano.a(lib_a-init.o)
                              startup/startup_stm32f030x6.o (__libc_init_array)
/opt/Atollic_TrueSTUDIO_for_STM32_x86_64_9.3.0/ARMTools/bin/../lib/gcc/arm-atollic-eabi/6.3.1/../../../../arm-atollic-eabi/lib/armv6-m/libc_nano.a(lib_a-memcpy-stub.o)
                              Drivers/STM32F0xx_HAL_Driver/Src/stm32f0xx_hal_rcc.o (memcpy)
/opt/Atollic_TrueSTUDIO_for_STM32_x86_64_9.3.0/ARMTools/bin/../lib/gcc/arm-atollic-eabi/6.3.1/../../../../arm-atollic-eabi/lib/armv6-m/libc_nano.a(lib_a-memset.o)
                              Src/main.o (memset)
/opt/Atollic_TrueSTUDIO_for_STM32_x86_64_9.3.0/ARMTools/bin/../lib/gcc/arm-atollic-eabi/6.3.1/../../../../arm-atollic-eabi/lib/armv6-m/libc_nano.a(lib_a-putchar.o)
                              Src/u8x8_d_stdio.o (putchar)
/opt/Atollic_TrueSTUDIO_for_STM32_x86_64_9.3.0/ARMTools/bin/../lib/gcc/arm-atollic-eabi/6.3.1/../../../../arm-atollic-eabi/lib/armv6-m/libc_nano.a(lib_a-sprintf.o)
                              Src/main.o (sprintf)
/opt/Atollic_TrueSTUDIO_for_STM32_x86_64_9.3.0/ARMTools/bin/../lib/gcc/arm-atollic-eabi/6.3.1/../../../../arm-atollic-eabi/lib/armv6-m/libc_nano.a(lib_a-strcpy.o)
                              Src/main.o (strcpy)
/opt/Atollic_TrueSTUDIO_for_STM32_x86_64_9.3.0/ARMTools/bin/../lib/gcc/arm-atollic-eabi/6.3.1/../../../../arm-atollic-eabi/lib/armv6-m/libc_nano.a(lib_a-findfp.o)
                              /opt/Atollic_TrueSTUDIO_for_STM32_x86_64_9.3.0/ARMTools/bin/../lib/gcc/arm-atollic-eabi/6.3.1/../../../../arm-atollic-eabi/lib/armv6-m/libc_nano.a(lib_a-putchar.o) (__sinit)
/opt/Atollic_TrueSTUDIO_for_STM32_x86_64_9.3.0/ARMTools/bin/../lib/gcc/arm-atollic-eabi/6.3.1/../../../../arm-atollic-eabi/lib/armv6-m/libc_nano.a(lib_a-fwalk.o)
                              /opt/Atollic_TrueSTUDIO_for_STM32_x86_64_9.3.0/ARMTools/bin/../lib/gcc/arm-atollic-eabi/6.3.1/../../../../arm-atollic-eabi/lib/armv6-m/libc_nano.a(lib_a-findfp.o) (_fwalk)
/opt/Atollic_TrueSTUDIO_for_STM32_x86_64_9.3.0/ARMTools/bin/../lib/gcc/arm-atollic-eabi/6.3.1/../../../../arm-atollic-eabi/lib/armv6-m/libc_nano.a(lib_a-nano-mallocr.o)
                              /opt/Atollic_TrueSTUDIO_for_STM32_x86_64_9.3.0/ARMTools/bin/../lib/gcc/arm-atollic-eabi/6.3.1/../../../../arm-atollic-eabi/lib/armv6-m/libc_nano.a(lib_a-findfp.o) (_malloc_r)
/opt/Atollic_TrueSTUDIO_for_STM32_x86_64_9.3.0/ARMTools/bin/../lib/gcc/arm-atollic-eabi/6.3.1/../../../../arm-atollic-eabi/lib/armv6-m/libc_nano.a(lib_a-nano-svfprintf.o)
                              /opt/Atollic_TrueSTUDIO_for_STM32_x86_64_9.3.0/ARMTools/bin/../lib/gcc/arm-atollic-eabi/6.3.1/../../../../arm-atollic-eabi/lib/armv6-m/libc_nano.a(lib_a-sprintf.o) (_svfprintf_r)
/opt/Atollic_TrueSTUDIO_for_STM32_x86_64_9.3.0/ARMTools/bin/../lib/gcc/arm-atollic-eabi/6.3.1/../../../../arm-atollic-eabi/lib/armv6-m/libc_nano.a(lib_a-nano-vfprintf_i.o)
                              /opt/Atollic_TrueSTUDIO_for_STM32_x86_64_9.3.0/ARMTools/bin/../lib/gcc/arm-atollic-eabi/6.3.1/../../../../arm-atollic-eabi/lib/armv6-m/libc_nano.a(lib_a-nano-svfprintf.o) (_printf_i)
/opt/Atollic_TrueSTUDIO_for_STM32_x86_64_9.3.0/ARMTools/bin/../lib/gcc/arm-atollic-eabi/6.3.1/../../../../arm-atollic-eabi/lib/armv6-m/libc_nano.a(lib_a-putc.o)
                              /opt/Atollic_TrueSTUDIO_for_STM32_x86_64_9.3.0/ARMTools/bin/../lib/gcc/arm-atollic-eabi/6.3.1/../../../../arm-atollic-eabi/lib/armv6-m/libc_nano.a(lib_a-putchar.o) (_putc_r)
/opt/Atollic_TrueSTUDIO_for_STM32_x86_64_9.3.0/ARMTools/bin/../lib/gcc/arm-atollic-eabi/6.3.1/../../../../arm-atollic-eabi/lib/armv6-m/libc_nano.a(lib_a-sbrkr.o)
                              /opt/Atollic_TrueSTUDIO_for_STM32_x86_64_9.3.0/ARMTools/bin/../lib/gcc/arm-atollic-eabi/6.3.1/../../../../arm-atollic-eabi/lib/armv6-m/libc_nano.a(lib_a-nano-mallocr.o) (_sbrk_r)
/opt/Atollic_TrueSTUDIO_for_STM32_x86_64_9.3.0/ARMTools/bin/../lib/gcc/arm-atollic-eabi/6.3.1/../../../../arm-atollic-eabi/lib/armv6-m/libc_nano.a(lib_a-stdio.o)
                              /opt/Atollic_TrueSTUDIO_for_STM32_x86_64_9.3.0/ARMTools/bin/../lib/gcc/arm-atollic-eabi/6.3.1/../../../../arm-atollic-eabi/lib/armv6-m/libc_nano.a(lib_a-findfp.o) (__sread)
[...]
Memory Configuration

Name             Origin             Length             Attributes
RAM              0x0000000020000000 0x0000000000001000 xrw
FLASH            0x0000000008000000 0x0000000000004000 xr
*default*        0x0000000000000000 0xffffffffffffffff

Linker script and memory map

LOAD /opt/Atollic_TrueSTUDIO_for_STM32_x86_64_9.3.0/ARMTools/bin/../lib/gcc/arm-atollic-eabi/6.3.1/armv6-m/crti.o
LOAD /opt/Atollic_TrueSTUDIO_for_STM32_x86_64_9.3.0/ARMTools/bin/../lib/gcc/arm-atollic-eabi/6.3.1/armv6-m/crtbegin.o
LOAD Drivers/STM32F0xx_HAL_Driver/Src/stm32f0xx_hal.o
LOAD Drivers/STM32F0xx_HAL_Driver/Src/stm32f0xx_hal_cortex.o
LOAD Drivers/STM32F0xx_HAL_Driver/Src/stm32f0xx_hal_dma.o
LOAD Drivers/STM32F0xx_HAL_Driver/Src/stm32f0xx_hal_flash.o
LOAD Drivers/STM32F0xx_HAL_Driver/Src/stm32f0xx_hal_flash_ex.o
LOAD Drivers/STM32F0xx_HAL_Driver/Src/stm32f0xx_hal_gpio.o
LOAD Drivers/STM32F0xx_HAL_Driver/Src/stm32f0xx_hal_i2c.o
LOAD Drivers/STM32F0xx_HAL_Driver/Src/stm32f0xx_hal_i2c_ex.o
LOAD Drivers/STM32F0xx_HAL_Driver/Src/stm32f0xx_hal_pwr.o
LOAD Drivers/STM32F0xx_HAL_Driver/Src/stm32f0xx_hal_pwr_ex.o
LOAD Drivers/STM32F0xx_HAL_Driver/Src/stm32f0xx_hal_rcc.o
LOAD Drivers/STM32F0xx_HAL_Driver/Src/stm32f0xx_hal_rcc_ex.o
LOAD Drivers/STM32F0xx_HAL_Driver/Src/stm32f0xx_hal_tim.o
LOAD Drivers/STM32F0xx_HAL_Driver/Src/stm32f0xx_hal_tim_ex.o
LOAD Drivers/STM32F0xx_HAL_Driver/Src/stm32f0xx_hal_uart.o
LOAD Drivers/STM32F0xx_HAL_Driver/Src/stm32f0xx_hal_uart_ex.o
LOAD Src/main.o
LOAD Src/screens.o
LOAD Src/stm32f0xx_hal_msp.o
LOAD Src/stm32f0xx_it.o
LOAD Src/syscalls.o
LOAD Src/system_stm32f0xx.o
LOAD Src/u8g2_bitmap.o
LOAD Src/u8g2_box.o
LOAD Src/u8g2_buffer.o
LOAD Src/u8g2_circle.o
LOAD Src/u8g2_cleardisplay.o
LOAD Src/u8g2_d_memory.o
LOAD Src/u8g2_d_setup.o
LOAD Src/u8g2_font.o
LOAD Src/u8g2_fonts.o
LOAD Src/u8g2_hvline.o
LOAD Src/u8g2_input_value.o
LOAD Src/u8g2_intersection.o
LOAD Src/u8g2_kerning.o
LOAD Src/u8g2_line.o
LOAD Src/u8g2_ll_hvline.o
LOAD Src/u8g2_message.o
LOAD Src/u8g2_polygon.o
LOAD Src/u8g2_selection_list.o
LOAD Src/u8g2_setup.o
LOAD Src/u8log.o
LOAD Src/u8log_u8g2.o
LOAD Src/u8log_u8x8.o
LOAD Src/u8x8_8x8.o
LOAD Src/u8x8_byte.o
LOAD Src/u8x8_cad.o
LOAD Src/u8x8_capture.o
LOAD Src/u8x8_d_a2printer.o
LOAD Src/u8x8_d_il3820_296x128.o
LOAD Src/u8x8_d_ist3020.o
LOAD Src/u8x8_d_ist7920.o
LOAD Src/u8x8_d_ks0108.o
LOAD Src/u8x8_d_lc7981.o
LOAD Src/u8x8_d_ld7032_60x32.o
LOAD Src/u8x8_d_ls013b7dh03.o
LOAD Src/u8x8_d_max7219.o
LOAD Src/u8x8_d_pcd8544_84x48.o
LOAD Src/u8x8_d_pcf8812.o
LOAD Src/u8x8_d_pcf8814_hx1230.o
LOAD Src/u8x8_d_sbn1661.o
LOAD Src/u8x8_d_sed1330.o
LOAD Src/u8x8_d_sh1106_64x32.o
LOAD Src/u8x8_d_sh1106_72x40.o
LOAD Src/u8x8_d_sh1107.o
LOAD Src/u8x8_d_sh1108.o
LOAD Src/u8x8_d_sh1122.o
LOAD Src/u8x8_d_ssd1305.o
LOAD Src/u8x8_d_ssd1306_128x32.o
LOAD Src/u8x8_d_ssd1306_128x64_noname.o
LOAD Src/u8x8_d_ssd1306_48x64.o
LOAD Src/u8x8_d_ssd1306_64x32.o
LOAD Src/u8x8_d_ssd1306_64x48.o
LOAD Src/u8x8_d_ssd1306_96x16.o
LOAD Src/u8x8_d_ssd1309.o
LOAD Src/u8x8_d_ssd1316.o
LOAD Src/u8x8_d_ssd1317.o
LOAD Src/u8x8_d_ssd1318.o
LOAD Src/u8x8_d_ssd1322.o
LOAD Src/u8x8_d_ssd1325.o
LOAD Src/u8x8_d_ssd1326.o
LOAD Src/u8x8_d_ssd1327.o
LOAD Src/u8x8_d_ssd1329.o
LOAD Src/u8x8_d_ssd1606_172x72.o
LOAD Src/u8x8_d_ssd1607_200x200.o
LOAD Src/u8x8_d_st7511.o
LOAD Src/u8x8_d_st75256.o
LOAD Src/u8x8_d_st7528.o
LOAD Src/u8x8_d_st75320.o
LOAD Src/u8x8_d_st7565.o
LOAD Src/u8x8_d_st7567.o
LOAD Src/u8x8_d_st7586s_erc240160.o
LOAD Src/u8x8_d_st7586s_s028hn118a.o
LOAD Src/u8x8_d_st7588.o
LOAD Src/u8x8_d_st7920.o
LOAD Src/u8x8_d_stdio.o
LOAD Src/u8x8_d_t6963.o
LOAD Src/u8x8_d_uc1601.o
LOAD Src/u8x8_d_uc1604.o
LOAD Src/u8x8_d_uc1608.o
LOAD Src/u8x8_d_uc1610.o
LOAD Src/u8x8_d_uc1611.o
LOAD Src/u8x8_d_uc1617.o
LOAD Src/u8x8_d_uc1638.o
LOAD Src/u8x8_d_uc1701_dogs102.o
LOAD Src/u8x8_d_uc1701_mini12864.o
LOAD Src/u8x8_debounce.o
LOAD Src/u8x8_display.o
LOAD Src/u8x8_fonts.o
LOAD Src/u8x8_gpio.o
LOAD Src/u8x8_input_value.o
LOAD Src/u8x8_message.o
LOAD Src/u8x8_selection_list.o
LOAD Src/u8x8_setup.o
LOAD Src/u8x8_string.o
LOAD Src/u8x8_u16toa.o
LOAD Src/u8x8_u8toa.o
LOAD startup/startup_stm32f030x6.o
                0x0000000000000080                malloc_getpagesize_P = 0x80
START GROUP
LOAD /opt/Atollic_TrueSTUDIO_for_STM32_x86_64_9.3.0/ARMTools/bin/../lib/gcc/arm-atollic-eabi/6.3.1/../../../../arm-atollic-eabi/lib/armv6-m/libc_nano.a
LOAD /opt/Atollic_TrueSTUDIO_for_STM32_x86_64_9.3.0/ARMTools/bin/../lib/gcc/arm-atollic-eabi/6.3.1/../../../../arm-atollic-eabi/lib/armv6-m/libm.a
END GROUP
START GROUP
LOAD /opt/Atollic_TrueSTUDIO_for_STM32_x86_64_9.3.0/ARMTools/bin/../lib/gcc/arm-atollic-eabi/6.3.1/armv6-m/libgcc.a
LOAD /opt/Atollic_TrueSTUDIO_for_STM32_x86_64_9.3.0/ARMTools/bin/../lib/gcc/arm-atollic-eabi/6.3.1/../../../../arm-atollic-eabi/lib/armv6-m/libc_nano.a
END GROUP
START GROUP
LOAD /opt/Atollic_TrueSTUDIO_for_STM32_x86_64_9.3.0/ARMTools/bin/../lib/gcc/arm-atollic-eabi/6.3.1/armv6-m/libgcc.a
LOAD /opt/Atollic_TrueSTUDIO_for_STM32_x86_64_9.3.0/ARMTools/bin/../lib/gcc/arm-atollic-eabi/6.3.1/../../../../arm-atollic-eabi/lib/armv6-m/libc_nano.a
LOAD /opt/Atollic_TrueSTUDIO_for_STM32_x86_64_9.3.0/ARMTools/bin/../lib/gcc/arm-atollic-eabi/6.3.1/../../../../arm-atollic-eabi/lib/armv6-m/libnosys.a
END GROUP
START GROUP
LOAD /opt/Atollic_TrueSTUDIO_for_STM32_x86_64_9.3.0/ARMTools/bin/../lib/gcc/arm-atollic-eabi/6.3.1/armv6-m/libgcc.a
LOAD /opt/Atollic_TrueSTUDIO_for_STM32_x86_64_9.3.0/ARMTools/bin/../lib/gcc/arm-atollic-eabi/6.3.1/../../../../arm-atollic-eabi/lib/armv6-m/libc_nano.a
LOAD /opt/Atollic_TrueSTUDIO_for_STM32_x86_64_9.3.0/ARMTools/bin/../lib/gcc/arm-atollic-eabi/6.3.1/../../../../arm-atollic-eabi/lib/armv6-m/libnosys.a
END GROUP
LOAD /opt/Atollic_TrueSTUDIO_for_STM32_x86_64_9.3.0/ARMTools/bin/../lib/gcc/arm-atollic-eabi/6.3.1/armv6-m/crtend.o
LOAD /opt/Atollic_TrueSTUDIO_for_STM32_x86_64_9.3.0/ARMTools/bin/../lib/gcc/arm-atollic-eabi/6.3.1/armv6-m/crtn.o
                0x0000000020001000                _estack = 0x20001000
                0x0000000000000200                _Min_Heap_Size = 0x200
                0x0000000000000400                _Min_Stack_Size = 0x400

.isr_vector     0x0000000008000000       0xc0
                0x0000000008000000                . = ALIGN (0x4)
 *(.isr_vector)
 .isr_vector    0x0000000008000000       0xc0 startup/startup_stm32f030x6.o
                0x0000000008000000                g_pfnVectors
                0x00000000080000c0                . = ALIGN (0x4)

.text           0x00000000080000c0     0x3508
                0x00000000080000c0                . = ALIGN (0x4)
 *(.text)
 .text          0x00000000080000c0       0x48 /opt/Atollic_TrueSTUDIO_for_STM32_x86_64_9.3.0/ARMTools/bin/../lib/gcc/arm-atollic-eabi/6.3.1/armv6-m/crtbegin.o
 .text          0x0000000008000108       0x14 /opt/Atollic_TrueSTUDIO_for_STM32_x86_64_9.3.0/ARMTools/bin/../lib/gcc/arm-atollic-eabi/6.3.1/armv6-m/libgcc.a(_thumb1_case_uqi.o)
                0x0000000008000108                __gnu_thumb1_case_uqi
 .text          0x000000000800011c      0x114 /opt/Atollic_TrueSTUDIO_for_STM32_x86_64_9.3.0/ARMTools/bin/../lib/gcc/arm-atollic-eabi/6.3.1/armv6-m/libgcc.a(_udivsi3.o)
                0x000000000800011c                __udivsi3
                0x000000000800011c                __aeabi_uidiv
                0x0000000008000228                __aeabi_uidivmod
 .text          0x0000000008000230        0x4 /opt/Atollic_TrueSTUDIO_for_STM32_x86_64_9.3.0/ARMTools/bin/../lib/gcc/arm-atollic-eabi/6.3.1/armv6-m/libgcc.a(_dvmd_tls.o)
                0x0000000008000230                __aeabi_ldiv0
                0x0000000008000230                __aeabi_idiv0
 *(.text*)
 .text.HAL_InitTick
                0x0000000008000234       0x24 Drivers/STM32F0xx_HAL_Driver/Src/stm32f0xx_hal.o
                0x0000000008000234                HAL_InitTick
 .text.HAL_Init
                0x0000000008000258       0x20 Drivers/STM32F0xx_HAL_Driver/Src/stm32f0xx_hal.o
                0x0000000008000258                HAL_Init
 .text.HAL_IncTick
                0x0000000008000278       0x10 Drivers/STM32F0xx_HAL_Driver/Src/stm32f0xx_hal.o
                0x0000000008000278                HAL_IncTick
 .text.HAL_GetTick
                0x0000000008000288        0xc Drivers/STM32F0xx_HAL_Driver/Src/stm32f0xx_hal.o
                0x0000000008000288                HAL_GetTick
 .text.HAL_Delay
                0x0000000008000294       0x20 Drivers/STM32F0xx_HAL_Driver/Src/stm32f0xx_hal.o
                0x0000000008000294                HAL_Delay
 .text.HAL_NVIC_SetPriority
                0x00000000080002b4       0x60 Drivers/STM32F0xx_HAL_Driver/Src/stm32f0xx_hal_cortex.o
                0x00000000080002b4                HAL_NVIC_SetPriority
 .text.HAL_NVIC_EnableIRQ
                0x0000000008000314       0x14 Drivers/STM32F0xx_HAL_Driver/Src/stm32f0xx_hal_cortex.o
                0x0000000008000314                HAL_NVIC_EnableIRQ
 .text.HAL_SYSTICK_Config
                0x0000000008000328       0x34 Drivers/STM32F0xx_HAL_Driver/Src/stm32f0xx_hal_cortex.o
                0x0000000008000328                HAL_SYSTICK_Config
 .text.HAL_GPIO_Init
                0x000000000800035c      0x160 Drivers/STM32F0xx_HAL_Driver/Src/stm32f0xx_hal_gpio.o
                0x000000000800035c                HAL_GPIO_Init
 .text.HAL_GPIO_ReadPin
                0x00000000080004bc        0xc Drivers/STM32F0xx_HAL_Driver/Src/stm32f0xx_hal_gpio.o
                0x00000000080004bc                HAL_GPIO_ReadPin
 .text.HAL_GPIO_WritePin
                0x00000000080004c8        0xc Drivers/STM32F0xx_HAL_Driver/Src/stm32f0xx_hal_gpio.o
                0x00000000080004c8                HAL_GPIO_WritePin
 .text.I2C_Flush_TXDR
                0x00000000080004d4       0x1c Drivers/STM32F0xx_HAL_Driver/Src/stm32f0xx_hal_i2c.o
 .text.I2C_TransferConfig
                0x00000000080004f0       0x24 Drivers/STM32F0xx_HAL_Driver/Src/stm32f0xx_hal_i2c.o
 .text.I2C_WaitOnFlagUntilTimeout
                0x0000000008000514       0x4c Drivers/STM32F0xx_HAL_Driver/Src/stm32f0xx_hal_i2c.o
 .text.I2C_IsAcknowledgeFailed
                0x0000000008000560       0x80 Drivers/STM32F0xx_HAL_Driver/Src/stm32f0xx_hal_i2c.o
 .text.I2C_WaitOnTXISFlagUntilTimeout
                0x00000000080005e0       0x5a Drivers/STM32F0xx_HAL_Driver/Src/stm32f0xx_hal_i2c.o
 .text.I2C_WaitOnSTOPFlagUntilTimeout
                0x000000000800063a       0x56 Drivers/STM32F0xx_HAL_Driver/Src/stm32f0xx_hal_i2c.o
 .text.HAL_I2C_Init
                0x0000000008000690       0xac Drivers/STM32F0xx_HAL_Driver/Src/stm32f0xx_hal_i2c.o
                0x0000000008000690                HAL_I2C_Init
 .text.HAL_I2C_Master_Transmit
                0x000000000800073c      0x130 Drivers/STM32F0xx_HAL_Driver/Src/stm32f0xx_hal_i2c.o
                0x000000000800073c                HAL_I2C_Master_Transmit
 .text.HAL_I2CEx_ConfigAnalogFilter
                0x000000000800086c       0x4c Drivers/STM32F0xx_HAL_Driver/Src/stm32f0xx_hal_i2c_ex.o
                0x000000000800086c                HAL_I2CEx_ConfigAnalogFilter
 .text.HAL_I2CEx_ConfigDigitalFilter
                0x00000000080008b8       0x48 Drivers/STM32F0xx_HAL_Driver/Src/stm32f0xx_hal_i2c_ex.o
                0x00000000080008b8                HAL_I2CEx_ConfigDigitalFilter
 .text.HAL_RCC_OscConfig
                0x0000000008000900      0x3c4 Drivers/STM32F0xx_HAL_Driver/Src/stm32f0xx_hal_rcc.o
                0x0000000008000900                HAL_RCC_OscConfig
 .text.HAL_RCC_GetSysClockFreq
                0x0000000008000cc4       0x64 Drivers/STM32F0xx_HAL_Driver/Src/stm32f0xx_hal_rcc.o
                0x0000000008000cc4                HAL_RCC_GetSysClockFreq
 .text.HAL_RCC_ClockConfig
                0x0000000008000d28      0x12c Drivers/STM32F0xx_HAL_Driver/Src/stm32f0xx_hal_rcc.o
                0x0000000008000d28                HAL_RCC_ClockConfig
 .text.HAL_RCC_GetHCLKFreq
                0x0000000008000e54        0xc Drivers/STM32F0xx_HAL_Driver/Src/stm32f0xx_hal_rcc.o
                0x0000000008000e54                HAL_RCC_GetHCLKFreq
 .text.HAL_RCC_GetPCLK1Freq
                0x0000000008000e60       0x20 Drivers/STM32F0xx_HAL_Driver/Src/stm32f0xx_hal_rcc.o
                0x0000000008000e60                HAL_RCC_GetPCLK1Freq
 .text.HAL_RCCEx_PeriphCLKConfig
                0x0000000008000e80      0x108 Drivers/STM32F0xx_HAL_Driver/Src/stm32f0xx_hal_rcc_ex.o
                0x0000000008000e80                HAL_RCCEx_PeriphCLKConfig
 .text.HAL_TIM_Base_Start_IT
                0x0000000008000f88       0x14 Drivers/STM32F0xx_HAL_Driver/Src/stm32f0xx_hal_tim.o
                0x0000000008000f88                HAL_TIM_Base_Start_IT
 .text.HAL_TIM_Encoder_Start_IT
                0x0000000008000f9c       0x6a Drivers/STM32F0xx_HAL_Driver/Src/stm32f0xx_hal_tim.o
                0x0000000008000f9c                HAL_TIM_Encoder_Start_IT
 .text.HAL_TIM_PeriodElapsedCallback
                0x0000000008001006        0x2 Drivers/STM32F0xx_HAL_Driver/Src/stm32f0xx_hal_tim.o
                0x0000000008001006                HAL_TIM_PeriodElapsedCallback
 .text.HAL_TIM_OC_DelayElapsedCallback
                0x0000000008001008        0x2 Drivers/STM32F0xx_HAL_Driver/Src/stm32f0xx_hal_tim.o
                0x0000000008001008                HAL_TIM_OC_DelayElapsedCallback
 .text.HAL_TIM_IC_CaptureCallback
                0x000000000800100a        0x2 Drivers/STM32F0xx_HAL_Driver/Src/stm32f0xx_hal_tim.o
                0x000000000800100a                HAL_TIM_IC_CaptureCallback
 .text.HAL_TIM_PWM_PulseFinishedCallback
                0x000000000800100c        0x2 Drivers/STM32F0xx_HAL_Driver/Src/stm32f0xx_hal_tim.o
                0x000000000800100c                HAL_TIM_PWM_PulseFinishedCallback
 .text.HAL_TIM_TriggerCallback
                0x000000000800100e        0x2 Drivers/STM32F0xx_HAL_Driver/Src/stm32f0xx_hal_tim.o
                0x000000000800100e                HAL_TIM_TriggerCallback
 .text.HAL_TIM_IRQHandler
                0x0000000008001010      0x148 Drivers/STM32F0xx_HAL_Driver/Src/stm32f0xx_hal_tim.o
                0x0000000008001010                HAL_TIM_IRQHandler
 .text.TIM_Base_SetConfig
                0x0000000008001158       0x80 Drivers/STM32F0xx_HAL_Driver/Src/stm32f0xx_hal_tim.o
                0x0000000008001158                TIM_Base_SetConfig
 .text.HAL_TIM_Base_Init
                0x00000000080011d8       0x36 Drivers/STM32F0xx_HAL_Driver/Src/stm32f0xx_hal_tim.o
                0x00000000080011d8                HAL_TIM_Base_Init
 *fill*         0x000000000800120e        0x2 
 .text.HAL_TIM_Encoder_Init
                0x0000000008001210       0x94 Drivers/STM32F0xx_HAL_Driver/Src/stm32f0xx_hal_tim.o
                0x0000000008001210                HAL_TIM_Encoder_Init
 .text.TIM_ETR_SetConfig
                0x00000000080012a4       0x18 Drivers/STM32F0xx_HAL_Driver/Src/stm32f0xx_hal_tim.o
                0x00000000080012a4                TIM_ETR_SetConfig
 .text.TIM_SlaveTimer_SetConfig
                0x00000000080012bc       0xa4 Drivers/STM32F0xx_HAL_Driver/Src/stm32f0xx_hal_tim.o
 .text.HAL_TIM_SlaveConfigSynchronization
                0x0000000008001360       0x40 Drivers/STM32F0xx_HAL_Driver/Src/stm32f0xx_hal_tim.o
                0x0000000008001360                HAL_TIM_SlaveConfigSynchronization
 .text.HAL_TIMEx_MasterConfigSynchronization
                0x00000000080013a0       0x42 Drivers/STM32F0xx_HAL_Driver/Src/stm32f0xx_hal_tim_ex.o
                0x00000000080013a0                HAL_TIMEx_MasterConfigSynchronization
 .text.HAL_TIMEx_CommutationCallback
                0x00000000080013e2        0x2 Drivers/STM32F0xx_HAL_Driver/Src/stm32f0xx_hal_tim_ex.o
                0x00000000080013e2                HAL_TIMEx_CommutationCallback
 .text.HAL_TIMEx_BreakCallback
                0x00000000080013e4        0x2 Drivers/STM32F0xx_HAL_Driver/Src/stm32f0xx_hal_tim_ex.o
                0x00000000080013e4                HAL_TIMEx_BreakCallback
 *fill*         0x00000000080013e6        0x2 
 .text.UART_SetConfig
                0x00000000080013e8      0x108 Drivers/STM32F0xx_HAL_Driver/Src/stm32f0xx_hal_uart.o
                0x00000000080013e8                UART_SetConfig
 .text.UART_AdvFeatureConfig
                0x00000000080014f0       0xd0 Drivers/STM32F0xx_HAL_Driver/Src/stm32f0xx_hal_uart.o
                0x00000000080014f0                UART_AdvFeatureConfig
 .text.HAL_UART_Init
                0x00000000080015c0       0x78 Drivers/STM32F0xx_HAL_Driver/Src/stm32f0xx_hal_uart.o
                0x00000000080015c0                HAL_UART_Init
 .text.UART_WaitOnFlagUntilTimeout
                0x0000000008001638       0x64 Drivers/STM32F0xx_HAL_Driver/Src/stm32f0xx_hal_uart.o
                0x0000000008001638                UART_WaitOnFlagUntilTimeout
 .text.HAL_UART_Transmit
                0x000000000800169c       0xcc Drivers/STM32F0xx_HAL_Driver/Src/stm32f0xx_hal_uart.o
                0x000000000800169c                HAL_UART_Transmit
 .text.test_screen_function
                0x0000000008001768       0x38 Src/main.o
                0x0000000008001768                test_screen_function
 .text.render_time_value
                0x00000000080017a0       0x50 Src/main.o
                0x00000000080017a0                render_time_value
 .text.u8x8_stm32_gpio_and_delay
                0x00000000080017f0       0x1a Src/main.o
                0x00000000080017f0                u8x8_stm32_gpio_and_delay
 *fill*         0x000000000800180a        0x2 
 .text.u8x8_byte_sw_i2c_my
                0x000000000800180c       0x78 Src/main.o
                0x000000000800180c                u8x8_byte_sw_i2c_my
 .text.SystemClock_Config
                0x0000000008001884       0x5a Src/main.o
                0x0000000008001884                SystemClock_Config
 *fill*         0x00000000080018de        0x2 
 .text.startup.main
                0x00000000080018e0      0x364 Src/main.o
                0x00000000080018e0                main
 .text.HAL_MspInit
                0x0000000008001c44       0x30 Src/stm32f0xx_hal_msp.o
                0x0000000008001c44                HAL_MspInit
 .text.HAL_I2C_MspInit
                0x0000000008001c74       0x6c Src/stm32f0xx_hal_msp.o
                0x0000000008001c74                HAL_I2C_MspInit
 .text.HAL_TIM_Base_MspInit
                0x0000000008001ce0       0x38 Src/stm32f0xx_hal_msp.o
                0x0000000008001ce0                HAL_TIM_Base_MspInit
 .text.HAL_TIM_Encoder_MspInit
                0x0000000008001d18       0x70 Src/stm32f0xx_hal_msp.o
                0x0000000008001d18                HAL_TIM_Encoder_MspInit
 .text.HAL_UART_MspInit
                0x0000000008001d88       0x64 Src/stm32f0xx_hal_msp.o
                0x0000000008001d88                HAL_UART_MspInit
 .text.NMI_Handler
                0x0000000008001dec        0x2 Src/stm32f0xx_it.o
                0x0000000008001dec                NMI_Handler
 .text.HardFault_Handler
                0x0000000008001dee        0x2 Src/stm32f0xx_it.o
                0x0000000008001dee                HardFault_Handler
 .text.SVC_Handler
                0x0000000008001df0        0x2 Src/stm32f0xx_it.o
                0x0000000008001df0                SVC_Handler
 .text.PendSV_Handler
                0x0000000008001df2        0x2 Src/stm32f0xx_it.o
                0x0000000008001df2                PendSV_Handler
 .text.SysTick_Handler
                0x0000000008001df4       0x38 Src/stm32f0xx_it.o
                0x0000000008001df4                SysTick_Handler
 .text.TIM1_BRK_UP_TRG_COM_IRQHandler
                0x0000000008001e2c       0x34 Src/stm32f0xx_it.o
                0x0000000008001e2c                TIM1_BRK_UP_TRG_COM_IRQHandler
 .text.TIM3_IRQHandler
                0x0000000008001e60       0x28 Src/stm32f0xx_it.o
                0x0000000008001e60                TIM3_IRQHandler
 .text._sbrk    0x0000000008001e88       0x34 Src/syscalls.o
                0x0000000008001e88                _sbrk
 .text.SystemInit
                0x0000000008001ebc       0x60 Src/system_stm32f0xx.o
                0x0000000008001ebc                SystemInit
 .text.u8g2_send_buffer
                0x0000000008001f1c       0x56 Src/u8g2_buffer.o
 .text.u8g2_ClearBuffer
                0x0000000008001f72       0x1a Src/u8g2_buffer.o
                0x0000000008001f72                u8g2_ClearBuffer
 .text.u8g2_SetBufferCurrTileRow
                0x0000000008001f8c       0x1a Src/u8g2_buffer.o
                0x0000000008001f8c                u8g2_SetBufferCurrTileRow
 .text.u8g2_FirstPage
                0x0000000008001fa6       0x1c Src/u8g2_buffer.o
                0x0000000008001fa6                u8g2_FirstPage
 .text.u8g2_NextPage
                0x0000000008001fc2       0x44 Src/u8g2_buffer.o
                0x0000000008001fc2                u8g2_NextPage
 *fill*         0x0000000008002006        0x2 
 .text.u8g2_m_16_4_1
                0x0000000008002008        0xc Src/u8g2_d_memory.o
                0x0000000008002008                u8g2_m_16_4_1
 .text.u8g2_Setup_ssd1306_i2c_128x32_univision_1
                0x0000000008002014       0x38 Src/u8g2_d_setup.o
                0x0000000008002014                u8g2_Setup_ssd1306_i2c_128x32_univision_1
 .text.u8g2_font_get_word
                0x000000000800204c        0xe Src/u8g2_font.o
 .text.u8g2_add_vector_y
                0x000000000800205a       0x22 Src/u8g2_font.o
 .text.u8g2_add_vector_x
                0x000000000800207c       0x22 Src/u8g2_font.o
 .text.u8g2_font_calc_vref_font
                0x000000000800209e        0x4 Src/u8g2_font.o
                0x000000000800209e                u8g2_font_calc_vref_font
 .text.u8g2_read_font_info
                0x00000000080020a2       0x6a Src/u8g2_font.o
                0x00000000080020a2                u8g2_read_font_info
 .text.u8g2_font_decode_get_unsigned_bits
                0x000000000800210c       0x36 Src/u8g2_font.o
                0x000000000800210c                u8g2_font_decode_get_unsigned_bits
 .text.u8g2_font_setup_decode
                0x0000000008002142       0x38 Src/u8g2_font.o
 .text.u8g2_font_decode_get_signed_bits
                0x000000000800217a       0x16 Src/u8g2_font.o
                0x000000000800217a                u8g2_font_decode_get_signed_bits
 .text.u8g2_font_decode_len
                0x0000000008002190       0xb2 Src/u8g2_font.o
                0x0000000008002190                u8g2_font_decode_len
 .text.u8g2_font_decode_glyph
                0x0000000008002242      0x154 Src/u8g2_font.o
                0x0000000008002242                u8g2_font_decode_glyph
 .text.u8g2_font_get_glyph_data
                0x0000000008002396       0x6c Src/u8g2_font.o
                0x0000000008002396                u8g2_font_get_glyph_data
 .text.u8g2_DrawGlyph
                0x0000000008002402       0x5e Src/u8g2_font.o
                0x0000000008002402                u8g2_DrawGlyph
 .text.u8g2_draw_string
                0x0000000008002460       0x70 Src/u8g2_font.o
 .text.u8g2_DrawStr
                0x00000000080024d0       0x10 Src/u8g2_font.o
                0x00000000080024d0                u8g2_DrawStr
 .text.u8g2_UpdateRefHeight
                0x00000000080024e0       0x62 Src/u8g2_font.o
                0x00000000080024e0                u8g2_UpdateRefHeight
 *fill*         0x0000000008002542        0x2 
 .text.u8g2_SetFontPosBaseline
                0x0000000008002544        0xc Src/u8g2_font.o
                0x0000000008002544                u8g2_SetFontPosBaseline
 .text.u8g2_SetFont
                0x0000000008002550       0x1a Src/u8g2_font.o
                0x0000000008002550                u8g2_SetFont
 .text.u8g2_draw_hv_line_2dir
                0x000000000800256a       0x18 Src/u8g2_hvline.o
                0x000000000800256a                u8g2_draw_hv_line_2dir
 .text.u8g2_DrawHVLine
                0x0000000008002582       0xe0 Src/u8g2_hvline.o
                0x0000000008002582                u8g2_DrawHVLine
 .text.u8g2_is_intersection_decision_tree
                0x0000000008002662       0x1e Src/u8g2_intersection.o
                0x0000000008002662                u8g2_is_intersection_decision_tree
 .text.u8g2_IsIntersection
                0x0000000008002680       0x32 Src/u8g2_intersection.o
                0x0000000008002680                u8g2_IsIntersection
 .text.u8g2_ll_hvline_vertical_top_lsb
                0x00000000080026b2       0x9e Src/u8g2_ll_hvline.o
                0x00000000080026b2                u8g2_ll_hvline_vertical_top_lsb
 .text.u8g2_update_dimension_common
                0x0000000008002750       0x64 Src/u8g2_setup.o
 .text.u8g2_draw_l90_r0
                0x00000000080027b4        0xe Src/u8g2_setup.o
                0x00000000080027b4                u8g2_draw_l90_r0
 .text.u8g2_apply_clip_window
                0x00000000080027c2       0x72 Src/u8g2_setup.o
 .text.u8g2_update_page_win_r0
                0x0000000008002834       0x28 Src/u8g2_setup.o
                0x0000000008002834                u8g2_update_page_win_r0
 .text.u8g2_update_dimension_r0
                0x000000000800285c        0x8 Src/u8g2_setup.o
                0x000000000800285c                u8g2_update_dimension_r0
 .text.u8g2_SetMaxClipWindow
                0x0000000008002864       0x1c Src/u8g2_setup.o
                0x0000000008002864                u8g2_SetMaxClipWindow
 .text.u8g2_SetupBuffer
                0x0000000008002880       0x42 Src/u8g2_setup.o
                0x0000000008002880                u8g2_SetupBuffer
 *fill*         0x00000000080028c2        0x2 
 .text.u8x8_ascii_next
                0x00000000080028c4       0x14 Src/u8x8_8x8.o
                0x00000000080028c4                u8x8_ascii_next
 .text.u8x8_utf8_init
                0x00000000080028d8        0x8 Src/u8x8_8x8.o
                0x00000000080028d8                u8x8_utf8_init
 .text.u8x8_byte_SendBytes
                0x00000000080028e0        0xe Src/u8x8_byte.o
                0x00000000080028e0                u8x8_byte_SendBytes
 .text.u8x8_byte_SendByte
                0x00000000080028ee       0x10 Src/u8x8_byte.o
                0x00000000080028ee                u8x8_byte_SendByte
 .text.u8x8_byte_StartTransfer
                0x00000000080028fe        0xe Src/u8x8_byte.o
                0x00000000080028fe                u8x8_byte_StartTransfer
 .text.u8x8_byte_EndTransfer
                0x000000000800290c        0xe Src/u8x8_byte.o
                0x000000000800290c                u8x8_byte_EndTransfer
 .text.u8x8_i2c_data_transfer
                0x000000000800291a       0x28 Src/u8x8_cad.o
 .text.u8x8_cad_SendCmd
                0x0000000008002942        0xe Src/u8x8_cad.o
                0x0000000008002942                u8x8_cad_SendCmd
 .text.u8x8_cad_SendArg
                0x0000000008002950        0xe Src/u8x8_cad.o
                0x0000000008002950                u8x8_cad_SendArg
 .text.u8x8_cad_SendData
                0x000000000800295e        0xe Src/u8x8_cad.o
                0x000000000800295e                u8x8_cad_SendData
 .text.u8x8_cad_StartTransfer
                0x000000000800296c        0xe Src/u8x8_cad.o
                0x000000000800296c                u8x8_cad_StartTransfer
 .text.u8x8_cad_EndTransfer
                0x000000000800297a        0xe Src/u8x8_cad.o
                0x000000000800297a                u8x8_cad_EndTransfer
 .text.u8x8_cad_SendSequence
                0x0000000008002988       0x5e Src/u8x8_cad.o
                0x0000000008002988                u8x8_cad_SendSequence
 *fill*         0x00000000080029e6        0x2 
 .text.u8x8_cad_ssd13xx_fast_i2c
                0x00000000080029e8       0xc0 Src/u8x8_cad.o
                0x00000000080029e8                u8x8_cad_ssd13xx_fast_i2c
 .text.u8x8_d_ssd1306_128x32_generic
                0x0000000008002aa8       0xdc Src/u8x8_d_ssd1306_128x32.o
 .text.u8x8_d_ssd1306_128x32_univision
                0x0000000008002b84       0x1c Src/u8x8_d_ssd1306_128x32.o
                0x0000000008002b84                u8x8_d_ssd1306_128x32_univision
 .text.u8x8_d_helper_display_setup_memory
                0x0000000008002ba0        0xa Src/u8x8_display.o
                0x0000000008002ba0                u8x8_d_helper_display_setup_memory
 .text.u8x8_d_helper_display_init
                0x0000000008002baa       0x5e Src/u8x8_display.o
                0x0000000008002baa                u8x8_d_helper_display_init
 .text.u8x8_DrawTile
                0x0000000008002c08       0x1a Src/u8x8_display.o
                0x0000000008002c08                u8x8_DrawTile
 .text.u8x8_SetupMemory
                0x0000000008002c22        0xe Src/u8x8_display.o
                0x0000000008002c22                u8x8_SetupMemory
 .text.u8x8_InitDisplay
                0x0000000008002c30        0xe Src/u8x8_display.o
                0x0000000008002c30                u8x8_InitDisplay
 .text.u8x8_SetPowerSave
                0x0000000008002c3e        0xe Src/u8x8_display.o
                0x0000000008002c3e                u8x8_SetPowerSave
 .text.u8x8_RefreshDisplay
                0x0000000008002c4c        0xe Src/u8x8_display.o
                0x0000000008002c4c                u8x8_RefreshDisplay
 .text.u8x8_gpio_call
                0x0000000008002c5a        0xa Src/u8x8_gpio.o
                0x0000000008002c5a                u8x8_gpio_call
 .text.u8x8_dummy_cb
                0x0000000008002c64        0x4 Src/u8x8_setup.o
                0x0000000008002c64                u8x8_dummy_cb
 .text.u8x8_SetupDefaults
                0x0000000008002c68       0x2c Src/u8x8_setup.o
                0x0000000008002c68                u8x8_SetupDefaults
 .text.u8x8_Setup
                0x0000000008002c94       0x20 Src/u8x8_setup.o
                0x0000000008002c94                u8x8_Setup
 .text.Reset_Handler
                0x0000000008002cb4       0x50 startup/startup_stm32f030x6.o
                0x0000000008002cb4                Reset_Handler
 .text.Default_Handler
                0x0000000008002d04        0x2 startup/startup_stm32f030x6.o
                0x0000000008002d04                DMA1_Channel4_5_IRQHandler
                0x0000000008002d04                ADC1_IRQHandler
                0x0000000008002d04                SPI1_IRQHandler
                0x0000000008002d04                TIM17_IRQHandler
                0x0000000008002d04                EXTI4_15_IRQHandler
                0x0000000008002d04                EXTI0_1_IRQHandler
                0x0000000008002d04                WWDG_IRQHandler
                0x0000000008002d04                RCC_IRQHandler
                0x0000000008002d04                RTC_IRQHandler
                0x0000000008002d04                I2C1_IRQHandler
                0x0000000008002d04                TIM14_IRQHandler
                0x0000000008002d04                FLASH_IRQHandler
                0x0000000008002d04                EXTI2_3_IRQHandler
                0x0000000008002d04                USART1_IRQHandler
                0x0000000008002d04                Default_Handler
                0x0000000008002d04                TIM16_IRQHandler
                0x0000000008002d04                DMA1_Channel2_3_IRQHandler
                0x0000000008002d04                TIM1_CC_IRQHandler
                0x0000000008002d04                DMA1_Channel1_IRQHandler
 *fill*         0x0000000008002d06        0x2 
 .text.__errno  0x0000000008002d08        0xc /opt/Atollic_TrueSTUDIO_for_STM32_x86_64_9.3.0/ARMTools/bin/../lib/gcc/arm-atollic-eabi/6.3.1/../../../../arm-atollic-eabi/lib/armv6-m/libc_nano.a(lib_a-errno.o)
                0x0000000008002d08                __errno
 .text.__libc_init_array
                0x0000000008002d14       0x48 /opt/Atollic_TrueSTUDIO_for_STM32_x86_64_9.3.0/ARMTools/bin/../lib/gcc/arm-atollic-eabi/6.3.1/../../../../arm-atollic-eabi/lib/armv6-m/libc_nano.a(lib_a-init.o)
                0x0000000008002d14                __libc_init_array
 .text.memcpy   0x0000000008002d5c       0x12 /opt/Atollic_TrueSTUDIO_for_STM32_x86_64_9.3.0/ARMTools/bin/../lib/gcc/arm-atollic-eabi/6.3.1/../../../../arm-atollic-eabi/lib/armv6-m/libc_nano.a(lib_a-memcpy-stub.o)
                0x0000000008002d5c                memcpy
 .text.memset   0x0000000008002d6e       0x10 /opt/Atollic_TrueSTUDIO_for_STM32_x86_64_9.3.0/ARMTools/bin/../lib/gcc/arm-atollic-eabi/6.3.1/../../../../arm-atollic-eabi/lib/armv6-m/libc_nano.a(lib_a-memset.o)
                0x0000000008002d6e                memset
 *fill*         0x0000000008002d7e        0x2 
 .text.sprintf  0x0000000008002d80       0x44 /opt/Atollic_TrueSTUDIO_for_STM32_x86_64_9.3.0/ARMTools/bin/../lib/gcc/arm-atollic-eabi/6.3.1/../../../../arm-atollic-eabi/lib/armv6-m/libc_nano.a(lib_a-sprintf.o)
                0x0000000008002d80                siprintf
                0x0000000008002d80                sprintf
 .text._malloc_r
                0x0000000008002dc4       0xbc /opt/Atollic_TrueSTUDIO_for_STM32_x86_64_9.3.0/ARMTools/bin/../lib/gcc/arm-atollic-eabi/6.3.1/../../../../arm-atollic-eabi/lib/armv6-m/libc_nano.a(lib_a-nano-mallocr.o)
                0x0000000008002dc4                _malloc_r
 .text.__ssputs_r
                0x0000000008002e80       0xc4 /opt/Atollic_TrueSTUDIO_for_STM32_x86_64_9.3.0/ARMTools/bin/../lib/gcc/arm-atollic-eabi/6.3.1/../../../../arm-atollic-eabi/lib/armv6-m/libc_nano.a(lib_a-nano-svfprintf.o)
                0x0000000008002e80                __ssputs_r
 .text._svfprintf_r
                0x0000000008002f44      0x208 /opt/Atollic_TrueSTUDIO_for_STM32_x86_64_9.3.0/ARMTools/bin/../lib/gcc/arm-atollic-eabi/6.3.1/../../../../arm-atollic-eabi/lib/armv6-m/libc_nano.a(lib_a-nano-svfprintf.o)
                0x0000000008002f44                _svfprintf_r
                0x0000000008002f44                _svfiprintf_r
 .text._printf_common
                0x000000000800314c       0xda /opt/Atollic_TrueSTUDIO_for_STM32_x86_64_9.3.0/ARMTools/bin/../lib/gcc/arm-atollic-eabi/6.3.1/../../../../arm-atollic-eabi/lib/armv6-m/libc_nano.a(lib_a-nano-vfprintf_i.o)
                0x000000000800314c                _printf_common
 *fill*         0x0000000008003226        0x2 
 .text._printf_i
                0x0000000008003228      0x234 /opt/Atollic_TrueSTUDIO_for_STM32_x86_64_9.3.0/ARMTools/bin/../lib/gcc/arm-atollic-eabi/6.3.1/../../../../arm-atollic-eabi/lib/armv6-m/libc_nano.a(lib_a-nano-vfprintf_i.o)
                0x0000000008003228                _printf_i
 .text._sbrk_r  0x000000000800345c       0x24 /opt/Atollic_TrueSTUDIO_for_STM32_x86_64_9.3.0/ARMTools/bin/../lib/gcc/arm-atollic-eabi/6.3.1/../../../../arm-atollic-eabi/lib/armv6-m/libc_nano.a(lib_a-sbrkr.o)
                0x000000000800345c                _sbrk_r
 .text.memchr   0x0000000008003480       0x16 /opt/Atollic_TrueSTUDIO_for_STM32_x86_64_9.3.0/ARMTools/bin/../lib/gcc/arm-atollic-eabi/6.3.1/../../../../arm-atollic-eabi/lib/armv6-m/libc_nano.a(lib_a-memchr-stub.o)
                0x0000000008003480                memchr
 .text.memmove  0x0000000008003496       0x24 /opt/Atollic_TrueSTUDIO_for_STM32_x86_64_9.3.0/ARMTools/bin/../lib/gcc/arm-atollic-eabi/6.3.1/../../../../arm-atollic-eabi/lib/armv6-m/libc_nano.a(lib_a-memmove.o)
                0x0000000008003496                memmove
 .text.__malloc_lock
                0x00000000080034ba        0x2 /opt/Atollic_TrueSTUDIO_for_STM32_x86_64_9.3.0/ARMTools/bin/../lib/gcc/arm-atollic-eabi/6.3.1/../../../../arm-atollic-eabi/lib/armv6-m/libc_nano.a(lib_a-mlock.o)
                0x00000000080034ba                __malloc_lock
 .text.__malloc_unlock
                0x00000000080034bc        0x2 /opt/Atollic_TrueSTUDIO_for_STM32_x86_64_9.3.0/ARMTools/bin/../lib/gcc/arm-atollic-eabi/6.3.1/../../../../arm-atollic-eabi/lib/armv6-m/libc_nano.a(lib_a-mlock.o)
                0x00000000080034bc                __malloc_unlock
 *fill*         0x00000000080034be        0x2 
 .text._free_r  0x00000000080034c0       0x94 /opt/Atollic_TrueSTUDIO_for_STM32_x86_64_9.3.0/ARMTools/bin/../lib/gcc/arm-atollic-eabi/6.3.1/../../../../arm-atollic-eabi/lib/armv6-m/libc_nano.a(lib_a-nano-freer.o)
                0x00000000080034c0                _free_r
 .text._realloc_r
                0x0000000008003554       0x4c /opt/Atollic_TrueSTUDIO_for_STM32_x86_64_9.3.0/ARMTools/bin/../lib/gcc/arm-atollic-eabi/6.3.1/../../../../arm-atollic-eabi/lib/armv6-m/libc_nano.a(lib_a-nano-reallocr.o)
                0x0000000008003554                _realloc_r
 .text._malloc_usable_size_r
                0x00000000080035a0       0x10 /opt/Atollic_TrueSTUDIO_for_STM32_x86_64_9.3.0/ARMTools/bin/../lib/gcc/arm-atollic-eabi/6.3.1/../../../../arm-atollic-eabi/lib/armv6-m/libc_nano.a(lib_a-nano-msizer.o)
                0x00000000080035a0                _malloc_usable_size_r
 *(.glue_7)
 .glue_7        0x00000000080035b0        0x0 linker stubs
 *(.glue_7t)
 .glue_7t       0x00000000080035b0        0x0 linker stubs
 *(.eh_frame)
 .eh_frame      0x00000000080035b0        0x0 /opt/Atollic_TrueSTUDIO_for_STM32_x86_64_9.3.0/ARMTools/bin/../lib/gcc/arm-atollic-eabi/6.3.1/armv6-m/crtbegin.o
 *(.init)
 .init          0x00000000080035b0        0x4 /opt/Atollic_TrueSTUDIO_for_STM32_x86_64_9.3.0/ARMTools/bin/../lib/gcc/arm-atollic-eabi/6.3.1/armv6-m/crti.o
                0x00000000080035b0                _init
 .init          0x00000000080035b4        0x8 /opt/Atollic_TrueSTUDIO_for_STM32_x86_64_9.3.0/ARMTools/bin/../lib/gcc/arm-atollic-eabi/6.3.1/armv6-m/crtn.o
 *(.fini)
 .fini          0x00000000080035bc        0x4 /opt/Atollic_TrueSTUDIO_for_STM32_x86_64_9.3.0/ARMTools/bin/../lib/gcc/arm-atollic-eabi/6.3.1/armv6-m/crti.o
                0x00000000080035bc                _fini
 .fini          0x00000000080035c0        0x8 /opt/Atollic_TrueSTUDIO_for_STM32_x86_64_9.3.0/ARMTools/bin/../lib/gcc/arm-atollic-eabi/6.3.1/armv6-m/crtn.o
                0x00000000080035c8                . = ALIGN (0x4)
                0x00000000080035c8                _etext = .

.vfp11_veneer   0x00000000080035c8        0x0
 .vfp11_veneer  0x00000000080035c8        0x0 linker stubs

.v4_bx          0x00000000080035c8        0x0
 .v4_bx         0x00000000080035c8        0x0 linker stubs

.iplt           0x00000000080035c8        0x0
 .iplt          0x00000000080035c8        0x0 /opt/Atollic_TrueSTUDIO_for_STM32_x86_64_9.3.0/ARMTools/bin/../lib/gcc/arm-atollic-eabi/6.3.1/armv6-m/crtbegin.o

.rodata         0x00000000080035c8      0x9ac
                0x00000000080035c8                . = ALIGN (0x4)
 *(.rodata)
 .rodata        0x00000000080035c8       0x20 Drivers/STM32F0xx_HAL_Driver/Src/stm32f0xx_hal_rcc.o
 *(.rodata*)
 .rodata.CSWTCH.50
                0x00000000080035e8        0x4 Drivers/STM32F0xx_HAL_Driver/Src/stm32f0xx_hal_uart.o
 .rodata.main.str1.1
                0x00000000080035ec        0x6 Src/main.o
 .rodata.render_time_value.str1.1
                0x00000000080035f2        0x8 Src/main.o
 .rodata.test_screen_function.str1.1
                0x00000000080035fa        0x8 Src/main.o
 .rodata.AHBPrescTable
                0x0000000008003602       0x10 Src/system_stm32f0xx.o
                0x0000000008003602                AHBPrescTable
 .rodata.APBPrescTable
                0x0000000008003612        0x8 Src/system_stm32f0xx.o
                0x0000000008003612                APBPrescTable
 .rodata.u8g2_font_ncenB14_tr
                0x000000000800361a      0x851 Src/u8g2_fonts.o
                0x000000000800361a                u8g2_font_ncenB14_tr
 *fill*         0x0000000008003e6b        0x1 
 .rodata.u8g2_cb_r0
                0x0000000008003e6c        0xc Src/u8g2_setup.o
                0x0000000008003e6c                u8g2_cb_r0
 .rodata.u8x8_d_ssd1306_128x32_univision_flip0_seq
                0x0000000008003e78        0x7 Src/u8x8_d_ssd1306_128x32.o
 .rodata.u8x8_d_ssd1306_128x32_univision_flip1_seq
                0x0000000008003e7f        0x7 Src/u8x8_d_ssd1306_128x32.o
 .rodata.u8x8_d_ssd1306_128x32_univision_init_seq
                0x0000000008003e86       0x35 Src/u8x8_d_ssd1306_128x32.o
 .rodata.u8x8_d_ssd1306_128x32_univision_powersave0_seq
                0x0000000008003ebb        0x5 Src/u8x8_d_ssd1306_128x32.o
 .rodata.u8x8_d_ssd1306_128x32_univision_powersave1_seq
                0x0000000008003ec0        0x5 Src/u8x8_d_ssd1306_128x32.o
 *fill*         0x0000000008003ec5        0x3 
 .rodata.u8x8_ssd1306_128x32_univision_display_info
                0x0000000008003ec8       0x18 Src/u8x8_d_ssd1306_128x32.o
 .rodata.__sf_fake_stderr
                0x0000000008003ee0       0x20 /opt/Atollic_TrueSTUDIO_for_STM32_x86_64_9.3.0/ARMTools/bin/../lib/gcc/arm-atollic-eabi/6.3.1/../../../../arm-atollic-eabi/lib/armv6-m/libc_nano.a(lib_a-findfp.o)
                0x0000000008003ee0                __sf_fake_stderr
 .rodata.__sf_fake_stdin
                0x0000000008003f00       0x20 /opt/Atollic_TrueSTUDIO_for_STM32_x86_64_9.3.0/ARMTools/bin/../lib/gcc/arm-atollic-eabi/6.3.1/../../../../arm-atollic-eabi/lib/armv6-m/libc_nano.a(lib_a-findfp.o)
                0x0000000008003f00                __sf_fake_stdin
 .rodata.__sf_fake_stdout
                0x0000000008003f20       0x20 /opt/Atollic_TrueSTUDIO_for_STM32_x86_64_9.3.0/ARMTools/bin/../lib/gcc/arm-atollic-eabi/6.3.1/../../../../arm-atollic-eabi/lib/armv6-m/libc_nano.a(lib_a-findfp.o)
                0x0000000008003f20                __sf_fake_stdout
 .rodata._svfprintf_r.str1.1
                0x0000000008003f40       0x11 /opt/Atollic_TrueSTUDIO_for_STM32_x86_64_9.3.0/ARMTools/bin/../lib/gcc/arm-atollic-eabi/6.3.1/../../../../arm-atollic-eabi/lib/armv6-m/libc_nano.a(lib_a-nano-svfprintf.o)
 .rodata._printf_i.str1.1
                0x0000000008003f51       0x22 /opt/Atollic_TrueSTUDIO_for_STM32_x86_64_9.3.0/ARMTools/bin/../lib/gcc/arm-atollic-eabi/6.3.1/../../../../arm-atollic-eabi/lib/armv6-m/libc_nano.a(lib_a-nano-vfprintf_i.o)
                0x0000000008003f74                . = ALIGN (0x4)
 *fill*         0x0000000008003f73        0x1 

.rel.dyn        0x0000000008003f74        0x0
 .rel.iplt      0x0000000008003f74        0x0 /opt/Atollic_TrueSTUDIO_for_STM32_x86_64_9.3.0/ARMTools/bin/../lib/gcc/arm-atollic-eabi/6.3.1/armv6-m/crtbegin.o

.ARM.extab
 *(.ARM.extab* .gnu.linkonce.armextab.*)

.ARM            0x0000000008003f74        0x0
                0x0000000008003f74                __exidx_start = .
 *(.ARM.exidx*)
                0x0000000008003f74                __exidx_end = .

.preinit_array  0x0000000008003f74        0x0
                0x0000000008003f74                PROVIDE (__preinit_array_start, .)
 *(.preinit_array*)
                0x0000000008003f74                PROVIDE (__preinit_array_end, .)

.init_array     0x0000000008003f74        0x4
                0x0000000008003f74                PROVIDE (__init_array_start, .)
 *(SORT(.init_array.*))
 *(.init_array*)
 .init_array    0x0000000008003f74        0x4 /opt/Atollic_TrueSTUDIO_for_STM32_x86_64_9.3.0/ARMTools/bin/../lib/gcc/arm-atollic-eabi/6.3.1/armv6-m/crtbegin.o
                0x0000000008003f78                PROVIDE (__init_array_end, .)

.fini_array     0x0000000008003f78        0x4
                [!provide]                        PROVIDE (__fini_array_start, .)
 *(SORT(.fini_array.*))
 *(.fini_array*)
 .fini_array    0x0000000008003f78        0x4 /opt/Atollic_TrueSTUDIO_for_STM32_x86_64_9.3.0/ARMTools/bin/../lib/gcc/arm-atollic-eabi/6.3.1/armv6-m/crtbegin.o
                [!provide]                        PROVIDE (__fini_array_end, .)
                0x0000000008003f7c                _sidata = LOADADDR (.data)

.data           0x0000000020000000       0x6c load address 0x0000000008003f7c
                0x0000000020000000                . = ALIGN (0x4)
                0x0000000020000000                _sdata = .
 *(.data)
 *(.data*)
 .data.button_debounce_timeout_counter
                0x0000000020000000        0x2 Src/main.o
                0x0000000020000000                button_debounce_timeout_counter
 .data.welding_timeout
                0x0000000020000002        0x2 Src/main.o
                0x0000000020000002                welding_timeout
 .data.SystemCoreClock
                0x0000000020000004        0x4 Src/system_stm32f0xx.o
                0x0000000020000004                SystemCoreClock
 .data._impure_ptr
                0x0000000020000008        0x4 /opt/Atollic_TrueSTUDIO_for_STM32_x86_64_9.3.0/ARMTools/bin/../lib/gcc/arm-atollic-eabi/6.3.1/../../../../arm-atollic-eabi/lib/armv6-m/libc_nano.a(lib_a-impure.o)
                0x0000000020000008                _impure_ptr
 .data.impure_data
                0x000000002000000c       0x60 /opt/Atollic_TrueSTUDIO_for_STM32_x86_64_9.3.0/ARMTools/bin/../lib/gcc/arm-atollic-eabi/6.3.1/../../../../arm-atollic-eabi/lib/armv6-m/libc_nano.a(lib_a-impure.o)
                0x000000002000006c                . = ALIGN (0x4)
                0x000000002000006c                _edata = .

.igot.plt       0x000000002000006c        0x0 load address 0x0000000008003fe8
 .igot.plt      0x000000002000006c        0x0 /opt/Atollic_TrueSTUDIO_for_STM32_x86_64_9.3.0/ARMTools/bin/../lib/gcc/arm-atollic-eabi/6.3.1/armv6-m/crtbegin.o
                0x000000002000006c                . = ALIGN (0x4)

.bss            0x000000002000006c      0x2b8 load address 0x0000000008003fe8
                0x000000002000006c                _sbss = .
                0x000000002000006c                __bss_start__ = _sbss
 *(.bss)
 .bss           0x000000002000006c       0x1c /opt/Atollic_TrueSTUDIO_for_STM32_x86_64_9.3.0/ARMTools/bin/../lib/gcc/arm-atollic-eabi/6.3.1/armv6-m/crtbegin.o
 *(.bss*)
 .bss.buf_idx.13197
                0x0000000020000088        0x1 Src/main.o
 .bss.buffer.13196
                0x0000000020000089       0x20 Src/main.o
 .bss.button_debouncing_flag
                0x00000000200000a9        0x1 Src/main.o
                0x00000000200000a9                button_debouncing_flag
 .bss.button_pressed_flag
                0x00000000200000aa        0x1 Src/main.o
                0x00000000200000aa                button_pressed_flag
 .bss.encoderDebounceCounter
                0x00000000200000ab        0x1 Src/main.o
                0x00000000200000ab                encoderDebounceCounter
 .bss.timer_updated_flag
                0x00000000200000ac        0x1 Src/main.o
                0x00000000200000ac                timer_updated_flag
 *fill*         0x00000000200000ad        0x1 
 .bss.timer_value
                0x00000000200000ae        0x2 Src/main.o
                0x00000000200000ae                timer_value
 .bss.timer_value_shadow
                0x00000000200000b0        0x2 Src/main.o
                0x00000000200000b0                timer_value_shadow
 *fill*         0x00000000200000b2        0x2 
 .bss.u8g2      0x00000000200000b4       0x88 Src/main.o
 .bss.welding_timeout_counter
                0x000000002000013c        0x2 Src/main.o
                0x000000002000013c                welding_timeout_counter
 *fill*         0x000000002000013e        0x2 
 .bss.heap_end.5887
                0x0000000020000140        0x4 Src/syscalls.o
 .bss.buf.10483
                0x0000000020000144       0x80 Src/u8g2_d_memory.o
 .bss.in_transfer.5649
                0x00000000200001c4        0x1 Src/u8x8_cad.o
 *fill*         0x00000000200001c5        0x3 
 .bss.__malloc_free_list
                0x00000000200001c8        0x4 /opt/Atollic_TrueSTUDIO_for_STM32_x86_64_9.3.0/ARMTools/bin/../lib/gcc/arm-atollic-eabi/6.3.1/../../../../arm-atollic-eabi/lib/armv6-m/libc_nano.a(lib_a-nano-mallocr.o)
                0x00000000200001c8                __malloc_free_list
 .bss.__malloc_sbrk_start
                0x00000000200001cc        0x4 /opt/Atollic_TrueSTUDIO_for_STM32_x86_64_9.3.0/ARMTools/bin/../lib/gcc/arm-atollic-eabi/6.3.1/../../../../arm-atollic-eabi/lib/armv6-m/libc_nano.a(lib_a-nano-mallocr.o)
                0x00000000200001cc                __malloc_sbrk_start
 *(COMMON)
 COMMON         0x00000000200001d0        0x4 Drivers/STM32F0xx_HAL_Driver/Src/stm32f0xx_hal.o
                0x00000000200001d0                uwTick
 COMMON         0x00000000200001d4      0x14c Src/main.o
                0x00000000200001d4                test_struct_holder
                0x00000000200001e4                hi2c1
                0x0000000020000230                huart1
                0x00000000200002a0                htim3
                0x00000000200002e0                htim1
 COMMON         0x0000000020000320        0x4 /opt/Atollic_TrueSTUDIO_for_STM32_x86_64_9.3.0/ARMTools/bin/../lib/gcc/arm-atollic-eabi/6.3.1/../../../../arm-atollic-eabi/lib/armv6-m/libc_nano.a(lib_a-reent.o)
                0x0000000020000320                errno
                0x0000000020000324                . = ALIGN (0x4)
                0x0000000020000324                _ebss = .
                0x0000000020000324                __bss_end__ = _ebss

._user_heap_stack
                0x0000000020000324      0x600 load address 0x0000000008003fe8
                0x0000000020000324                . = ALIGN (0x4)
                0x0000000020000324                PROVIDE (end, .)
                [!provide]                        PROVIDE (_end, .)
                0x0000000020000524                . = (. + _Min_Heap_Size)
 *fill*         0x0000000020000324      0x200 
                0x0000000020000924                . = (. + _Min_Stack_Size)
 *fill*         0x0000000020000524      0x400 
                0x0000000020000924                . = ALIGN (0x4)

/DISCARD/
 libc.a(*)
 libm.a(*)
 libgcc.a(*)

.ARM.attributes
                0x0000000000000000       0x28
 *(.ARM.attributes)
 .ARM.attributes
                0x0000000000000000       0x1e /opt/Atollic_TrueSTUDIO_for_STM32_x86_64_9.3.0/ARMTools/bin/../lib/gcc/arm-atollic-eabi/6.3.1/armv6-m/crti.o
 .ARM.attributes
                0x000000000000001e       0x2c /opt/Atollic_TrueSTUDIO_for_STM32_x86_64_9.3.0/ARMTools/bin/../lib/gcc/arm-atollic-eabi/6.3.1/armv6-m/crtbegin.o
 .ARM.attributes
                0x000000000000004a       0x31 Drivers/STM32F0xx_HAL_Driver/Src/stm32f0xx_hal.o
 .ARM.attributes
                0x000000000000007b       0x31 Drivers/STM32F0xx_HAL_Driver/Src/stm32f0xx_hal_cortex.o
 .ARM.attributes
                0x00000000000000ac       0x31 Drivers/STM32F0xx_HAL_Driver/Src/stm32f0xx_hal_gpio.o
 .ARM.attributes
                0x00000000000000dd       0x31 Drivers/STM32F0xx_HAL_Driver/Src/stm32f0xx_hal_i2c.o
 .ARM.attributes
                0x000000000000010e       0x31 Drivers/STM32F0xx_HAL_Driver/Src/stm32f0xx_hal_i2c_ex.o
 .ARM.attributes
                0x000000000000013f       0x31 Drivers/STM32F0xx_HAL_Driver/Src/stm32f0xx_hal_rcc.o
 .ARM.attributes
                0x0000000000000170       0x31 Drivers/STM32F0xx_HAL_Driver/Src/stm32f0xx_hal_rcc_ex.o
 .ARM.attributes
                0x00000000000001a1       0x31 Drivers/STM32F0xx_HAL_Driver/Src/stm32f0xx_hal_tim.o
 .ARM.attributes
                0x00000000000001d2       0x31 Drivers/STM32F0xx_HAL_Driver/Src/stm32f0xx_hal_tim_ex.o
 .ARM.attributes
                0x0000000000000203       0x31 Drivers/STM32F0xx_HAL_Driver/Src/stm32f0xx_hal_uart.o
 .ARM.attributes
                0x0000000000000234       0x31 Src/main.o
 .ARM.attributes
                0x0000000000000265       0x31 Src/stm32f0xx_hal_msp.o
 .ARM.attributes
                0x0000000000000296       0x31 Src/stm32f0xx_it.o
 .ARM.attributes
                0x00000000000002c7       0x31 Src/syscalls.o
 .ARM.attributes
                0x00000000000002f8       0x31 Src/system_stm32f0xx.o
 .ARM.attributes
                0x0000000000000329       0x31 Src/u8g2_buffer.o
 .ARM.attributes
                0x000000000000035a       0x31 Src/u8g2_d_memory.o
 .ARM.attributes
                0x000000000000038b       0x31 Src/u8g2_d_setup.o
 .ARM.attributes
                0x00000000000003bc       0x31 Src/u8g2_font.o
 .ARM.attributes
                0x00000000000003ed       0x31 Src/u8g2_fonts.o
 .ARM.attributes
                0x000000000000041e       0x31 Src/u8g2_hvline.o
 .ARM.attributes
                0x000000000000044f       0x31 Src/u8g2_intersection.o
 .ARM.attributes
                0x0000000000000480       0x31 Src/u8g2_ll_hvline.o
 .ARM.attributes
                0x00000000000004b1       0x31 Src/u8g2_setup.o
 .ARM.attributes
                0x00000000000004e2       0x31 Src/u8x8_8x8.o
 .ARM.attributes
                0x0000000000000513       0x31 Src/u8x8_byte.o
 .ARM.attributes
                0x0000000000000544       0x31 Src/u8x8_cad.o
 .ARM.attributes
                0x0000000000000575       0x31 Src/u8x8_d_ssd1306_128x32.o
 .ARM.attributes
                0x00000000000005a6       0x31 Src/u8x8_display.o
 .ARM.attributes
                0x00000000000005d7       0x31 Src/u8x8_gpio.o
 .ARM.attributes
                0x0000000000000608       0x31 Src/u8x8_setup.o
 .ARM.attributes
                0x0000000000000639       0x21 startup/startup_stm32f030x6.o
 .ARM.attributes
                0x000000000000065a       0x2c /opt/Atollic_TrueSTUDIO_for_STM32_x86_64_9.3.0/ARMTools/bin/../lib/gcc/arm-atollic-eabi/6.3.1/../../../../arm-atollic-eabi/lib/armv6-m/libc_nano.a(lib_a-errno.o)
 .ARM.attributes
                0x0000000000000686       0x2c /opt/Atollic_TrueSTUDIO_for_STM32_x86_64_9.3.0/ARMTools/bin/../lib/gcc/arm-atollic-eabi/6.3.1/../../../../arm-atollic-eabi/lib/armv6-m/libc_nano.a(lib_a-impure.o)
 .ARM.attributes
                0x00000000000006b2       0x2c /opt/Atollic_TrueSTUDIO_for_STM32_x86_64_9.3.0/ARMTools/bin/../lib/gcc/arm-atollic-eabi/6.3.1/../../../../arm-atollic-eabi/lib/armv6-m/libc_nano.a(lib_a-init.o)
 .ARM.attributes
                0x00000000000006de       0x2c /opt/Atollic_TrueSTUDIO_for_STM32_x86_64_9.3.0/ARMTools/bin/../lib/gcc/arm-atollic-eabi/6.3.1/../../../../arm-atollic-eabi/lib/armv6-m/libc_nano.a(lib_a-memcpy-stub.o)
 .ARM.attributes
                0x000000000000070a       0x2c /opt/Atollic_TrueSTUDIO_for_STM32_x86_64_9.3.0/ARMTools/bin/../lib/gcc/arm-atollic-eabi/6.3.1/../../../../arm-atollic-eabi/lib/armv6-m/libc_nano.a(lib_a-memset.o)
 .ARM.attributes
                0x0000000000000736       0x2c /opt/Atollic_TrueSTUDIO_for_STM32_x86_64_9.3.0/ARMTools/bin/../lib/gcc/arm-atollic-eabi/6.3.1/../../../../arm-atollic-eabi/lib/armv6-m/libc_nano.a(lib_a-sprintf.o)
 .ARM.attributes
                0x0000000000000762       0x2c /opt/Atollic_TrueSTUDIO_for_STM32_x86_64_9.3.0/ARMTools/bin/../lib/gcc/arm-atollic-eabi/6.3.1/../../../../arm-atollic-eabi/lib/armv6-m/libc_nano.a(lib_a-findfp.o)
 .ARM.attributes
                0x000000000000078e       0x2c /opt/Atollic_TrueSTUDIO_for_STM32_x86_64_9.3.0/ARMTools/bin/../lib/gcc/arm-atollic-eabi/6.3.1/../../../../arm-atollic-eabi/lib/armv6-m/libc_nano.a(lib_a-nano-mallocr.o)
 .ARM.attributes
                0x00000000000007ba       0x2c /opt/Atollic_TrueSTUDIO_for_STM32_x86_64_9.3.0/ARMTools/bin/../lib/gcc/arm-atollic-eabi/6.3.1/../../../../arm-atollic-eabi/lib/armv6-m/libc_nano.a(lib_a-nano-svfprintf.o)
 .ARM.attributes
                0x00000000000007e6       0x2c /opt/Atollic_TrueSTUDIO_for_STM32_x86_64_9.3.0/ARMTools/bin/../lib/gcc/arm-atollic-eabi/6.3.1/../../../../arm-atollic-eabi/lib/armv6-m/libc_nano.a(lib_a-nano-vfprintf_i.o)
 .ARM.attributes
                0x0000000000000812       0x2c /opt/Atollic_TrueSTUDIO_for_STM32_x86_64_9.3.0/ARMTools/bin/../lib/gcc/arm-atollic-eabi/6.3.1/../../../../arm-atollic-eabi/lib/armv6-m/libc_nano.a(lib_a-sbrkr.o)
 .ARM.attributes
                0x000000000000083e       0x2c /opt/Atollic_TrueSTUDIO_for_STM32_x86_64_9.3.0/ARMTools/bin/../lib/gcc/arm-atollic-eabi/6.3.1/../../../../arm-atollic-eabi/lib/armv6-m/libc_nano.a(lib_a-memchr-stub.o)
 .ARM.attributes
                0x000000000000086a       0x2c /opt/Atollic_TrueSTUDIO_for_STM32_x86_64_9.3.0/ARMTools/bin/../lib/gcc/arm-atollic-eabi/6.3.1/../../../../arm-atollic-eabi/lib/armv6-m/libc_nano.a(lib_a-memmove.o)
 .ARM.attributes
                0x0000000000000896       0x2c /opt/Atollic_TrueSTUDIO_for_STM32_x86_64_9.3.0/ARMTools/bin/../lib/gcc/arm-atollic-eabi/6.3.1/../../../../arm-atollic-eabi/lib/armv6-m/libc_nano.a(lib_a-mlock.o)
 .ARM.attributes
                0x00000000000008c2       0x2c /opt/Atollic_TrueSTUDIO_for_STM32_x86_64_9.3.0/ARMTools/bin/../lib/gcc/arm-atollic-eabi/6.3.1/../../../../arm-atollic-eabi/lib/armv6-m/libc_nano.a(lib_a-nano-freer.o)
 .ARM.attributes
                0x00000000000008ee       0x2c /opt/Atollic_TrueSTUDIO_for_STM32_x86_64_9.3.0/ARMTools/bin/../lib/gcc/arm-atollic-eabi/6.3.1/../../../../arm-atollic-eabi/lib/armv6-m/libc_nano.a(lib_a-nano-reallocr.o)
 .ARM.attributes
                0x000000000000091a       0x2c /opt/Atollic_TrueSTUDIO_for_STM32_x86_64_9.3.0/ARMTools/bin/../lib/gcc/arm-atollic-eabi/6.3.1/../../../../arm-atollic-eabi/lib/armv6-m/libc_nano.a(lib_a-reent.o)
 .ARM.attributes
                0x0000000000000946       0x2c /opt/Atollic_TrueSTUDIO_for_STM32_x86_64_9.3.0/ARMTools/bin/../lib/gcc/arm-atollic-eabi/6.3.1/../../../../arm-atollic-eabi/lib/armv6-m/libc_nano.a(lib_a-nano-msizer.o)
 .ARM.attributes
                0x0000000000000972       0x1e /opt/Atollic_TrueSTUDIO_for_STM32_x86_64_9.3.0/ARMTools/bin/../lib/gcc/arm-atollic-eabi/6.3.1/armv6-m/libgcc.a(_thumb1_case_uqi.o)
 .ARM.attributes
                0x0000000000000990       0x1e /opt/Atollic_TrueSTUDIO_for_STM32_x86_64_9.3.0/ARMTools/bin/../lib/gcc/arm-atollic-eabi/6.3.1/armv6-m/libgcc.a(_udivsi3.o)
 .ARM.attributes
                0x00000000000009ae       0x1e /opt/Atollic_TrueSTUDIO_for_STM32_x86_64_9.3.0/ARMTools/bin/../lib/gcc/arm-atollic-eabi/6.3.1/armv6-m/libgcc.a(_dvmd_tls.o)
 .ARM.attributes
                0x00000000000009cc       0x1e /opt/Atollic_TrueSTUDIO_for_STM32_x86_64_9.3.0/ARMTools/bin/../lib/gcc/arm-atollic-eabi/6.3.1/armv6-m/crtn.o
OUTPUT(spot_welding_timmer.elf elf32-littlearm)

.debug_info     0x0000000000000000    0x78516
 .debug_info    0x0000000000000000      0xe2b Drivers/STM32F0xx_HAL_Driver/Src/stm32f0xx_hal.o
 .debug_info    0x0000000000000e2b      0xfdb Drivers/STM32F0xx_HAL_Driver/Src/stm32f0xx_hal_cortex.o
 .debug_info    0x0000000000001e06      0xe4c Drivers/STM32F0xx_HAL_Driver/Src/stm32f0xx_hal_gpio.o
 .debug_info    0x0000000000002c52     0x393c Drivers/STM32F0xx_HAL_Driver/Src/stm32f0xx_hal_i2c.o
 .debug_info    0x000000000000658e     0x1025 Drivers/STM32F0xx_HAL_Driver/Src/stm32f0xx_hal_i2c_ex.o
 .debug_info    0x00000000000075b3     0x1168 Drivers/STM32F0xx_HAL_Driver/Src/stm32f0xx_hal_rcc.o
 .debug_info    0x000000000000871b      0xbed Drivers/STM32F0xx_HAL_Driver/Src/stm32f0xx_hal_rcc_ex.o
 .debug_info    0x0000000000009308     0x3bff Drivers/STM32F0xx_HAL_Driver/Src/stm32f0xx_hal_tim.o
 .debug_info    0x000000000000cf07     0x1932 Drivers/STM32F0xx_HAL_Driver/Src/stm32f0xx_hal_tim_ex.o
 .debug_info    0x000000000000e839     0x2071 Drivers/STM32F0xx_HAL_Driver/Src/stm32f0xx_hal_uart.o
 .debug_info    0x00000000000108aa     0x746f Src/main.o
 .debug_info    0x0000000000017d19     0x19b9 Src/stm32f0xx_hal_msp.o
 .debug_info    0x00000000000196d2      0xf7a Src/stm32f0xx_it.o
 .debug_info    0x000000000001a64c      0xfe1 Src/syscalls.o
 .debug_info    0x000000000001b62d      0xa67 Src/system_stm32f0xx.o
 .debug_info    0x000000000001c094     0x5e90 Src/u8g2_buffer.o
 .debug_info    0x0000000000021f24     0x7390 Src/u8g2_d_memory.o
 .debug_info    0x00000000000292b4    0x20a7d Src/u8g2_d_setup.o
 .debug_info    0x0000000000049d31     0x69db Src/u8g2_font.o
 .debug_info    0x000000000005070c     0xa424 Src/u8g2_fonts.o
 .debug_info    0x000000000005ab30     0x5445 Src/u8g2_hvline.o
 .debug_info    0x000000000005ff75     0x51e1 Src/u8g2_intersection.o
 .debug_info    0x0000000000065156     0x5263 Src/u8g2_ll_hvline.o
 .debug_info    0x000000000006a3b9     0x60b1 Src/u8g2_setup.o
 .debug_info    0x000000000007046a     0x16c0 Src/u8x8_8x8.o
 .debug_info    0x0000000000071b2a     0x1cac Src/u8x8_byte.o
 .debug_info    0x00000000000737d6     0x1afa Src/u8x8_cad.o
 .debug_info    0x00000000000752d0      0xd91 Src/u8x8_d_ssd1306_128x32.o
 .debug_info    0x0000000000076061      0xf4a Src/u8x8_display.o
 .debug_info    0x0000000000076fab      0x9d1 Src/u8x8_gpio.o
 .debug_info    0x000000000007797c      0xb21 Src/u8x8_setup.o
 .debug_info    0x000000000007849d       0x79 startup/startup_stm32f030x6.o

.debug_abbrev   0x0000000000000000     0x4aa4
 .debug_abbrev  0x0000000000000000      0x2d1 Drivers/STM32F0xx_HAL_Driver/Src/stm32f0xx_hal.o
 .debug_abbrev  0x00000000000002d1      0x30a Drivers/STM32F0xx_HAL_Driver/Src/stm32f0xx_hal_cortex.o
 .debug_abbrev  0x00000000000005db      0x277 Drivers/STM32F0xx_HAL_Driver/Src/stm32f0xx_hal_gpio.o
 .debug_abbrev  0x0000000000000852      0x38c Drivers/STM32F0xx_HAL_Driver/Src/stm32f0xx_hal_i2c.o
 .debug_abbrev  0x0000000000000bde      0x227 Drivers/STM32F0xx_HAL_Driver/Src/stm32f0xx_hal_i2c_ex.o
 .debug_abbrev  0x0000000000000e05      0x2ea Drivers/STM32F0xx_HAL_Driver/Src/stm32f0xx_hal_rcc.o
 .debug_abbrev  0x00000000000010ef      0x268 Drivers/STM32F0xx_HAL_Driver/Src/stm32f0xx_hal_rcc_ex.o
 .debug_abbrev  0x0000000000001357      0x3a5 Drivers/STM32F0xx_HAL_Driver/Src/stm32f0xx_hal_tim.o
 .debug_abbrev  0x00000000000016fc      0x30d Drivers/STM32F0xx_HAL_Driver/Src/stm32f0xx_hal_tim_ex.o
 .debug_abbrev  0x0000000000001a09      0x378 Drivers/STM32F0xx_HAL_Driver/Src/stm32f0xx_hal_uart.o
 .debug_abbrev  0x0000000000001d81      0x40f Src/main.o
 .debug_abbrev  0x0000000000002190      0x27b Src/stm32f0xx_hal_msp.o
 .debug_abbrev  0x000000000000240b      0x22b Src/stm32f0xx_it.o
 .debug_abbrev  0x0000000000002636      0x2d9 Src/syscalls.o
 .debug_abbrev  0x000000000000290f      0x1ca Src/system_stm32f0xx.o
 .debug_abbrev  0x0000000000002ad9      0x2ac Src/u8g2_buffer.o
 .debug_abbrev  0x0000000000002d85      0x18f Src/u8g2_d_memory.o
 .debug_abbrev  0x0000000000002f14      0x1ea Src/u8g2_d_setup.o
 .debug_abbrev  0x00000000000030fe      0x369 Src/u8g2_font.o
 .debug_abbrev  0x0000000000003467      0x112 Src/u8g2_fonts.o
 .debug_abbrev  0x0000000000003579      0x1b9 Src/u8g2_hvline.o
 .debug_abbrev  0x0000000000003732      0x176 Src/u8g2_intersection.o
 .debug_abbrev  0x00000000000038a8      0x16c Src/u8g2_ll_hvline.o
 .debug_abbrev  0x0000000000003a14      0x2de Src/u8g2_setup.o
 .debug_abbrev  0x0000000000003cf2      0x32b Src/u8x8_8x8.o
 .debug_abbrev  0x000000000000401d      0x251 Src/u8x8_byte.o
 .debug_abbrev  0x000000000000426e      0x25b Src/u8x8_cad.o
 .debug_abbrev  0x00000000000044c9      0x185 Src/u8x8_d_ssd1306_128x32.o
 .debug_abbrev  0x000000000000464e      0x1bf Src/u8x8_display.o
 .debug_abbrev  0x000000000000480d      0x109 Src/u8x8_gpio.o
 .debug_abbrev  0x0000000000004916      0x17c Src/u8x8_setup.o
 .debug_abbrev  0x0000000000004a92       0x12 startup/startup_stm32f030x6.o

.debug_loc      0x0000000000000000    0x2f640
 .debug_loc     0x0000000000000000       0x7c Drivers/STM32F0xx_HAL_Driver/Src/stm32f0xx_hal.o
 .debug_loc     0x000000000000007c      0x3cc Drivers/STM32F0xx_HAL_Driver/Src/stm32f0xx_hal_cortex.o
 .debug_loc     0x0000000000000448      0x307 Drivers/STM32F0xx_HAL_Driver/Src/stm32f0xx_hal_gpio.o
 .debug_loc     0x000000000000074f     0x32ab Drivers/STM32F0xx_HAL_Driver/Src/stm32f0xx_hal_i2c.o
 .debug_loc     0x00000000000039fa      0x13a Drivers/STM32F0xx_HAL_Driver/Src/stm32f0xx_hal_i2c_ex.o
 .debug_loc     0x0000000000003b34      0x49e Drivers/STM32F0xx_HAL_Driver/Src/stm32f0xx_hal_rcc.o
 .debug_loc     0x0000000000003fd2      0x26f Drivers/STM32F0xx_HAL_Driver/Src/stm32f0xx_hal_rcc_ex.o
 .debug_loc     0x0000000000004241     0x3b0a Drivers/STM32F0xx_HAL_Driver/Src/stm32f0xx_hal_tim.o
 .debug_loc     0x0000000000007d4b      0xb81 Drivers/STM32F0xx_HAL_Driver/Src/stm32f0xx_hal_tim_ex.o
 .debug_loc     0x00000000000088cc     0x1400 Drivers/STM32F0xx_HAL_Driver/Src/stm32f0xx_hal_uart.o
 .debug_loc     0x0000000000009ccc      0x310 Src/main.o
 .debug_loc     0x0000000000009fdc      0x129 Src/stm32f0xx_hal_msp.o
 .debug_loc     0x000000000000a105      0x45e Src/syscalls.o
 .debug_loc     0x000000000000a563      0x127 Src/system_stm32f0xx.o
 .debug_loc     0x000000000000a68a      0x57a Src/u8g2_buffer.o
 .debug_loc     0x000000000000ac04     0x10a1 Src/u8g2_d_memory.o
 .debug_loc     0x000000000000bca5    0x1ca79 Src/u8g2_d_setup.o
 .debug_loc     0x000000000002871e     0x1a76 Src/u8g2_font.o
 .debug_loc     0x000000000002a194      0x5c8 Src/u8g2_hvline.o
 .debug_loc     0x000000000002a75c      0x148 Src/u8g2_intersection.o
 .debug_loc     0x000000000002a8a4      0x4b1 Src/u8g2_ll_hvline.o
 .debug_loc     0x000000000002ad55      0xabd Src/u8g2_setup.o
 .debug_loc     0x000000000002b812     0x1141 Src/u8x8_8x8.o
 .debug_loc     0x000000000002c953     0x1088 Src/u8x8_byte.o
 .debug_loc     0x000000000002d9db     0x12cd Src/u8x8_cad.o
 .debug_loc     0x000000000002eca8      0x3ca Src/u8x8_d_ssd1306_128x32.o
 .debug_loc     0x000000000002f072      0x32e Src/u8x8_display.o
 .debug_loc     0x000000000002f3a0       0x63 Src/u8x8_gpio.o
 .debug_loc     0x000000000002f403      0x23d Src/u8x8_setup.o

.debug_aranges  0x0000000000000000     0x27c0
 .debug_aranges
                0x0000000000000000       0xb0 Drivers/STM32F0xx_HAL_Driver/Src/stm32f0xx_hal.o
 .debug_aranges
                0x00000000000000b0       0x78 Drivers/STM32F0xx_HAL_Driver/Src/stm32f0xx_hal_cortex.o
 .debug_aranges
                0x0000000000000128       0x58 Drivers/STM32F0xx_HAL_Driver/Src/stm32f0xx_hal_gpio.o
 .debug_aranges
                0x0000000000000180      0x200 Drivers/STM32F0xx_HAL_Driver/Src/stm32f0xx_hal_i2c.o
 .debug_aranges
                0x0000000000000380       0x38 Drivers/STM32F0xx_HAL_Driver/Src/stm32f0xx_hal_i2c_ex.o
 .debug_aranges
                0x00000000000003b8       0x80 Drivers/STM32F0xx_HAL_Driver/Src/stm32f0xx_hal_rcc.o
 .debug_aranges
                0x0000000000000438       0x30 Drivers/STM32F0xx_HAL_Driver/Src/stm32f0xx_hal_rcc_ex.o
 .debug_aranges
                0x0000000000000468      0x268 Drivers/STM32F0xx_HAL_Driver/Src/stm32f0xx_hal_tim.o
 .debug_aranges
                0x00000000000006d0       0xf0 Drivers/STM32F0xx_HAL_Driver/Src/stm32f0xx_hal_tim_ex.o
 .debug_aranges
                0x00000000000007c0      0x188 Drivers/STM32F0xx_HAL_Driver/Src/stm32f0xx_hal_uart.o
 .debug_aranges
                0x0000000000000948       0x58 Src/main.o
 .debug_aranges
                0x00000000000009a0       0x60 Src/stm32f0xx_hal_msp.o
 .debug_aranges
                0x0000000000000a00       0x40 Src/stm32f0xx_it.o
 .debug_aranges
                0x0000000000000a40       0xb0 Src/syscalls.o
 .debug_aranges
                0x0000000000000af0       0x28 Src/system_stm32f0xx.o
 .debug_aranges
                0x0000000000000b18       0x78 Src/u8g2_buffer.o
 .debug_aranges
                0x0000000000000b90      0x420 Src/u8g2_d_memory.o
 .debug_aranges
                0x0000000000000fb0     0x11d0 Src/u8g2_d_setup.o
 .debug_aranges
                0x0000000000002180      0x190 Src/u8g2_font.o
 .debug_aranges
                0x0000000000002310       0x18 Src/u8g2_fonts.o
 .debug_aranges
                0x0000000000002328       0x48 Src/u8g2_hvline.o
 .debug_aranges
                0x0000000000002370       0x28 Src/u8g2_intersection.o
 .debug_aranges
                0x0000000000002398       0x28 Src/u8g2_ll_hvline.o
 .debug_aranges
                0x00000000000023c0       0xa8 Src/u8g2_setup.o
 .debug_aranges
                0x0000000000002468       0xb8 Src/u8x8_8x8.o
 .debug_aranges
                0x0000000000002520       0xb0 Src/u8x8_byte.o
 .debug_aranges
                0x00000000000025d0       0xc0 Src/u8x8_cad.o
 .debug_aranges
                0x0000000000002690       0x30 Src/u8x8_d_ssd1306_128x32.o
 .debug_aranges
                0x00000000000026c0       0x80 Src/u8x8_display.o
 .debug_aranges
                0x0000000000002740       0x20 Src/u8x8_gpio.o
 .debug_aranges
                0x0000000000002760       0x38 Src/u8x8_setup.o
 .debug_aranges
                0x0000000000002798       0x28 startup/startup_stm32f030x6.o

.debug_ranges   0x0000000000000000     0x2d18
 .debug_ranges  0x0000000000000000       0xa0 Drivers/STM32F0xx_HAL_Driver/Src/stm32f0xx_hal.o
 .debug_ranges  0x00000000000000a0      0x120 Drivers/STM32F0xx_HAL_Driver/Src/stm32f0xx_hal_cortex.o
 .debug_ranges  0x00000000000001c0       0x70 Drivers/STM32F0xx_HAL_Driver/Src/stm32f0xx_hal_gpio.o
 .debug_ranges  0x0000000000000230      0x280 Drivers/STM32F0xx_HAL_Driver/Src/stm32f0xx_hal_i2c.o
 .debug_ranges  0x00000000000004b0       0x68 Drivers/STM32F0xx_HAL_Driver/Src/stm32f0xx_hal_i2c_ex.o
 .debug_ranges  0x0000000000000518       0xa0 Drivers/STM32F0xx_HAL_Driver/Src/stm32f0xx_hal_rcc.o
 .debug_ranges  0x00000000000005b8       0x40 Drivers/STM32F0xx_HAL_Driver/Src/stm32f0xx_hal_rcc_ex.o
 .debug_ranges  0x00000000000005f8      0x470 Drivers/STM32F0xx_HAL_Driver/Src/stm32f0xx_hal_tim.o
 .debug_ranges  0x0000000000000a68       0xe0 Drivers/STM32F0xx_HAL_Driver/Src/stm32f0xx_hal_tim_ex.o
 .debug_ranges  0x0000000000000b48      0x1f0 Drivers/STM32F0xx_HAL_Driver/Src/stm32f0xx_hal_uart.o
 .debug_ranges  0x0000000000000d38       0xc0 Src/main.o
 .debug_ranges  0x0000000000000df8      0x170 Src/stm32f0xx_hal_msp.o
 .debug_ranges  0x0000000000000f68       0x30 Src/stm32f0xx_it.o
 .debug_ranges  0x0000000000000f98       0xa0 Src/syscalls.o
 .debug_ranges  0x0000000000001038       0x18 Src/system_stm32f0xx.o
 .debug_ranges  0x0000000000001050       0x68 Src/u8g2_buffer.o
 .debug_ranges  0x00000000000010b8      0x410 Src/u8g2_d_memory.o
 .debug_ranges  0x00000000000014c8     0x11c0 Src/u8g2_d_setup.o
 .debug_ranges  0x0000000000002688      0x1a0 Src/u8g2_font.o
 .debug_ranges  0x0000000000002828       0x90 Src/u8g2_hvline.o
 .debug_ranges  0x00000000000028b8       0x18 Src/u8g2_intersection.o
 .debug_ranges  0x00000000000028d0       0x18 Src/u8g2_ll_hvline.o
 .debug_ranges  0x00000000000028e8       0x98 Src/u8g2_setup.o
 .debug_ranges  0x0000000000002980      0x160 Src/u8x8_8x8.o
 .debug_ranges  0x0000000000002ae0       0xa0 Src/u8x8_byte.o
 .debug_ranges  0x0000000000002b80       0xb0 Src/u8x8_cad.o
 .debug_ranges  0x0000000000002c30       0x20 Src/u8x8_d_ssd1306_128x32.o
 .debug_ranges  0x0000000000002c50       0x70 Src/u8x8_display.o
 .debug_ranges  0x0000000000002cc0       0x10 Src/u8x8_gpio.o
 .debug_ranges  0x0000000000002cd0       0x28 Src/u8x8_setup.o
 .debug_ranges  0x0000000000002cf8       0x20 startup/startup_stm32f030x6.o

.debug_line     0x0000000000000000     0xd9a7
 .debug_line    0x0000000000000000      0x41f Drivers/STM32F0xx_HAL_Driver/Src/stm32f0xx_hal.o
 .debug_line    0x000000000000041f      0x3f2 Drivers/STM32F0xx_HAL_Driver/Src/stm32f0xx_hal_cortex.o
 .debug_line    0x0000000000000811      0x400 Drivers/STM32F0xx_HAL_Driver/Src/stm32f0xx_hal_gpio.o
 .debug_line    0x0000000000000c11     0x160c Drivers/STM32F0xx_HAL_Driver/Src/stm32f0xx_hal_i2c.o
 .debug_line    0x000000000000221d      0x347 Drivers/STM32F0xx_HAL_Driver/Src/stm32f0xx_hal_i2c_ex.o
 .debug_line    0x0000000000002564      0x602 Drivers/STM32F0xx_HAL_Driver/Src/stm32f0xx_hal_rcc.o
 .debug_line    0x0000000000002b66      0x393 Drivers/STM32F0xx_HAL_Driver/Src/stm32f0xx_hal_rcc_ex.o
 .debug_line    0x0000000000002ef9     0x12d5 Drivers/STM32F0xx_HAL_Driver/Src/stm32f0xx_hal_tim.o
 .debug_line    0x00000000000041ce      0x777 Drivers/STM32F0xx_HAL_Driver/Src/stm32f0xx_hal_tim_ex.o
 .debug_line    0x0000000000004945      0xd7d Drivers/STM32F0xx_HAL_Driver/Src/stm32f0xx_hal_uart.o
 .debug_line    0x00000000000056c2      0x58b Src/main.o
 .debug_line    0x0000000000005c4d      0x3d9 Src/stm32f0xx_hal_msp.o
 .debug_line    0x0000000000006026      0x2ec Src/stm32f0xx_it.o
 .debug_line    0x0000000000006312      0x39a Src/syscalls.o
 .debug_line    0x00000000000066ac      0x23c Src/system_stm32f0xx.o
 .debug_line    0x00000000000068e8      0x2fc Src/u8g2_buffer.o
 .debug_line    0x0000000000006be4      0xb2d Src/u8g2_d_memory.o
 .debug_line    0x0000000000007711     0x3cea Src/u8g2_d_setup.o
 .debug_line    0x000000000000b3fb      0x77a Src/u8g2_font.o
 .debug_line    0x000000000000bb75      0x11e Src/u8g2_fonts.o
 .debug_line    0x000000000000bc93      0x200 Src/u8g2_hvline.o
 .debug_line    0x000000000000be93      0x15d Src/u8g2_intersection.o
 .debug_line    0x000000000000bff0      0x1c3 Src/u8g2_ll_hvline.o
 .debug_line    0x000000000000c1b3      0x3b7 Src/u8g2_setup.o
 .debug_line    0x000000000000c56a      0x442 Src/u8x8_8x8.o
 .debug_line    0x000000000000c9ac      0x440 Src/u8x8_byte.o
 .debug_line    0x000000000000cdec      0x4cf Src/u8x8_cad.o
 .debug_line    0x000000000000d2bb      0x19f Src/u8x8_d_ssd1306_128x32.o
 .debug_line    0x000000000000d45a      0x236 Src/u8x8_display.o
 .debug_line    0x000000000000d690      0x11d Src/u8x8_gpio.o
 .debug_line    0x000000000000d7ad      0x177 Src/u8x8_setup.o
 .debug_line    0x000000000000d924       0x83 startup/startup_stm32f030x6.o

.debug_str      0x0000000000000000    0x138b0
 .debug_str     0x0000000000000000      0x93e Drivers/STM32F0xx_HAL_Driver/Src/stm32f0xx_hal.o
                                        0xa09 (size before relaxing)
 .debug_str     0x000000000000093e      0x1f8 Drivers/STM32F0xx_HAL_Driver/Src/stm32f0xx_hal_cortex.o
                                        0xa11 (size before relaxing)
 .debug_str     0x0000000000000b36      0x1c7 Drivers/STM32F0xx_HAL_Driver/Src/stm32f0xx_hal_gpio.o
                                        0x86b (size before relaxing)
 .debug_str     0x0000000000000cfd      0xbf9 Drivers/STM32F0xx_HAL_Driver/Src/stm32f0xx_hal_i2c.o
                                       0x12ce (size before relaxing)
 .debug_str     0x00000000000018f6       0xc4 Drivers/STM32F0xx_HAL_Driver/Src/stm32f0xx_hal_i2c_ex.o
                                        0xc05 (size before relaxing)
 .debug_str     0x00000000000019ba      0x2dc Drivers/STM32F0xx_HAL_Driver/Src/stm32f0xx_hal_rcc.o
                                        0xa4b (size before relaxing)
 .debug_str     0x0000000000001c96      0x127 Drivers/STM32F0xx_HAL_Driver/Src/stm32f0xx_hal_rcc_ex.o
                                        0x80b (size before relaxing)
 .debug_str     0x0000000000001dbd      0xf67 Drivers/STM32F0xx_HAL_Driver/Src/stm32f0xx_hal_tim.o
                                       0x17e6 (size before relaxing)
 .debug_str     0x0000000000002d24      0x50d Drivers/STM32F0xx_HAL_Driver/Src/stm32f0xx_hal_tim_ex.o
                                       0x1058 (size before relaxing)
 .debug_str     0x0000000000003231      0x850 Drivers/STM32F0xx_HAL_Driver/Src/stm32f0xx_hal_uart.o
                                       0x11b9 (size before relaxing)
 .debug_str     0x0000000000003a81     0x98ca Src/main.o
                                       0xad7a (size before relaxing)
 .debug_str     0x000000000000d34b       0x32 Src/stm32f0xx_hal_msp.o
                                       0x124c (size before relaxing)
 .debug_str     0x000000000000d37d       0x8e Src/stm32f0xx_it.o
                                        0xb31 (size before relaxing)
 .debug_str     0x000000000000d40b      0x256 Src/syscalls.o
                                        0x858 (size before relaxing)
 .debug_str     0x000000000000d661       0x5a Src/system_stm32f0xx.o
                                        0x691 (size before relaxing)
 .debug_str     0x000000000000d6bb      0x1cb Src/u8g2_buffer.o
                                       0x9dcb (size before relaxing)
 .debug_str     0x000000000000d886      0x758 Src/u8g2_d_memory.o
                                       0x9f00 (size before relaxing)
 .debug_str     0x000000000000dfde     0x47b4 Src/u8g2_d_setup.o
                                       0xe6ba (size before relaxing)
 .debug_str     0x0000000000012792      0x581 Src/u8g2_font.o
                                       0x9d83 (size before relaxing)
 .debug_str     0x0000000000012d13       0x14 Src/u8g2_fonts.o
                                       0x97bc (size before relaxing)
 .debug_str     0x0000000000012d27       0x83 Src/u8g2_hvline.o
                                       0x983d (size before relaxing)
 .debug_str     0x0000000000012daa       0x3e Src/u8g2_intersection.o
                                       0x97f6 (size before relaxing)
 .debug_str     0x0000000000012de8       0x65 Src/u8g2_ll_hvline.o
                                       0x9825 (size before relaxing)
 .debug_str     0x0000000000012e4d      0x1c2 Src/u8g2_setup.o
                                       0x9e05 (size before relaxing)
 .debug_str     0x000000000001300f      0x1bc Src/u8x8_8x8.o
                                       0x13fe (size before relaxing)
 .debug_str     0x00000000000131cb      0x1f6 Src/u8x8_byte.o
                                       0x1429 (size before relaxing)
 .debug_str     0x00000000000133c1      0x1c8 Src/u8x8_cad.o
                                       0x1472 (size before relaxing)
 .debug_str     0x0000000000013589      0x21a Src/u8x8_d_ssd1306_128x32.o
                                       0x14b4 (size before relaxing)
 .debug_str     0x00000000000137a3       0x9f Src/u8x8_display.o
                                       0x139a (size before relaxing)
 .debug_str     0x0000000000013842       0x13 Src/u8x8_gpio.o
                                       0x122d (size before relaxing)
 .debug_str     0x0000000000013855       0x5b Src/u8x8_setup.o
                                       0x12d0 (size before relaxing)

.comment        0x0000000000000000       0x7c
 .comment       0x0000000000000000       0x7c Drivers/STM32F0xx_HAL_Driver/Src/stm32f0xx_hal.o
                                         0x7d (size before relaxing)
 .comment       0x000000000000007c       0x7d Drivers/STM32F0xx_HAL_Driver/Src/stm32f0xx_hal_cortex.o
 .comment       0x000000000000007c       0x7d Drivers/STM32F0xx_HAL_Driver/Src/stm32f0xx_hal_gpio.o
 .comment       0x000000000000007c       0x7d Drivers/STM32F0xx_HAL_Driver/Src/stm32f0xx_hal_i2c.o
 .comment       0x000000000000007c       0x7d Drivers/STM32F0xx_HAL_Driver/Src/stm32f0xx_hal_i2c_ex.o
 .comment       0x000000000000007c       0x7d Drivers/STM32F0xx_HAL_Driver/Src/stm32f0xx_hal_rcc.o
 .comment       0x000000000000007c       0x7d Drivers/STM32F0xx_HAL_Driver/Src/stm32f0xx_hal_rcc_ex.o
 .comment       0x000000000000007c       0x7d Drivers/STM32F0xx_HAL_Driver/Src/stm32f0xx_hal_tim.o
 .comment       0x000000000000007c       0x7d Drivers/STM32F0xx_HAL_Driver/Src/stm32f0xx_hal_tim_ex.o
 .comment       0x000000000000007c       0x7d Drivers/STM32F0xx_HAL_Driver/Src/stm32f0xx_hal_uart.o
 .comment       0x000000000000007c       0x7d Src/main.o
 .comment       0x000000000000007c       0x7d Src/stm32f0xx_hal_msp.o
 .comment       0x000000000000007c       0x7d Src/stm32f0xx_it.o
 .comment       0x000000000000007c       0x7d Src/syscalls.o
 .comment       0x000000000000007c       0x7d Src/system_stm32f0xx.o
 .comment       0x000000000000007c       0x7d Src/u8g2_buffer.o
 .comment       0x000000000000007c       0x7d Src/u8g2_d_memory.o
 .comment       0x000000000000007c       0x7d Src/u8g2_d_setup.o
 .comment       0x000000000000007c       0x7d Src/u8g2_font.o
 .comment       0x000000000000007c       0x7d Src/u8g2_fonts.o
 .comment       0x000000000000007c       0x7d Src/u8g2_hvline.o
 .comment       0x000000000000007c       0x7d Src/u8g2_intersection.o
 .comment       0x000000000000007c       0x7d Src/u8g2_ll_hvline.o
 .comment       0x000000000000007c       0x7d Src/u8g2_setup.o
 .comment       0x000000000000007c       0x7d Src/u8x8_8x8.o
 .comment       0x000000000000007c       0x7d Src/u8x8_byte.o
 .comment       0x000000000000007c       0x7d Src/u8x8_cad.o
 .comment       0x000000000000007c       0x7d Src/u8x8_d_ssd1306_128x32.o
 .comment       0x000000000000007c       0x7d Src/u8x8_display.o
 .comment       0x000000000000007c       0x7d Src/u8x8_gpio.o
 .comment       0x000000000000007c       0x7d Src/u8x8_setup.o

.debug_frame    0x0000000000000000     0x9284
 .debug_frame   0x0000000000000000      0x178 Drivers/STM32F0xx_HAL_Driver/Src/stm32f0xx_hal.o
 .debug_frame   0x0000000000000178       0xe4 Drivers/STM32F0xx_HAL_Driver/Src/stm32f0xx_hal_cortex.o
 .debug_frame   0x000000000000025c       0xc0 Drivers/STM32F0xx_HAL_Driver/Src/stm32f0xx_hal_gpio.o
 .debug_frame   0x000000000000031c      0x794 Drivers/STM32F0xx_HAL_Driver/Src/stm32f0xx_hal_i2c.o
 .debug_frame   0x0000000000000ab0       0x88 Drivers/STM32F0xx_HAL_Driver/Src/stm32f0xx_hal_i2c_ex.o
 .debug_frame   0x0000000000000b38      0x134 Drivers/STM32F0xx_HAL_Driver/Src/stm32f0xx_hal_rcc.o
 .debug_frame   0x0000000000000c6c       0x58 Drivers/STM32F0xx_HAL_Driver/Src/stm32f0xx_hal_rcc_ex.o
 .debug_frame   0x0000000000000cc4      0x94c Drivers/STM32F0xx_HAL_Driver/Src/stm32f0xx_hal_tim.o
 .debug_frame   0x0000000000001610      0x388 Drivers/STM32F0xx_HAL_Driver/Src/stm32f0xx_hal_tim_ex.o
 .debug_frame   0x0000000000001998      0x528 Drivers/STM32F0xx_HAL_Driver/Src/stm32f0xx_hal_uart.o
 .debug_frame   0x0000000000001ec0       0xe8 Src/main.o
 .debug_frame   0x0000000000001fa8       0xf4 Src/stm32f0xx_hal_msp.o
 .debug_frame   0x000000000000209c       0x98 Src/stm32f0xx_it.o
 .debug_frame   0x0000000000002134      0x19c Src/syscalls.o
 .debug_frame   0x00000000000022d0       0x3c Src/system_stm32f0xx.o
 .debug_frame   0x000000000000230c      0x164 Src/u8g2_buffer.o
 .debug_frame   0x0000000000002470      0x820 Src/u8g2_d_memory.o
 .debug_frame   0x0000000000002c90     0x505c Src/u8g2_d_setup.o
 .debug_frame   0x0000000000007cec      0x470 Src/u8g2_font.o
 .debug_frame   0x000000000000815c       0xb8 Src/u8g2_hvline.o
 .debug_frame   0x0000000000008214       0x44 Src/u8g2_intersection.o
 .debug_frame   0x0000000000008258       0x54 Src/u8g2_ll_hvline.o
 .debug_frame   0x00000000000082ac      0x230 Src/u8g2_setup.o
 .debug_frame   0x00000000000084dc      0x210 Src/u8x8_8x8.o
 .debug_frame   0x00000000000086ec      0x220 Src/u8x8_byte.o
 .debug_frame   0x000000000000890c      0x28c Src/u8x8_cad.o
 .debug_frame   0x0000000000008b98       0x60 Src/u8x8_d_ssd1306_128x32.o
 .debug_frame   0x0000000000008bf8      0x15c Src/u8x8_display.o
 .debug_frame   0x0000000000008d54       0x28 Src/u8x8_gpio.o
 .debug_frame   0x0000000000008d7c       0x68 Src/u8x8_setup.o
 .debug_frame   0x0000000000008de4       0x20 /opt/Atollic_TrueSTUDIO_for_STM32_x86_64_9.3.0/ARMTools/bin/../lib/gcc/arm-atollic-eabi/6.3.1/../../../../arm-atollic-eabi/lib/armv6-m/libc_nano.a(lib_a-errno.o)
 .debug_frame   0x0000000000008e04       0x2c /opt/Atollic_TrueSTUDIO_for_STM32_x86_64_9.3.0/ARMTools/bin/../lib/gcc/arm-atollic-eabi/6.3.1/../../../../arm-atollic-eabi/lib/armv6-m/libc_nano.a(lib_a-init.o)
 .debug_frame   0x0000000000008e30       0x28 /opt/Atollic_TrueSTUDIO_for_STM32_x86_64_9.3.0/ARMTools/bin/../lib/gcc/arm-atollic-eabi/6.3.1/../../../../arm-atollic-eabi/lib/armv6-m/libc_nano.a(lib_a-memcpy-stub.o)
 .debug_frame   0x0000000000008e58       0x20 /opt/Atollic_TrueSTUDIO_for_STM32_x86_64_9.3.0/ARMTools/bin/../lib/gcc/arm-atollic-eabi/6.3.1/../../../../arm-atollic-eabi/lib/armv6-m/libc_nano.a(lib_a-memset.o)
 .debug_frame   0x0000000000008e78       0x50 /opt/Atollic_TrueSTUDIO_for_STM32_x86_64_9.3.0/ARMTools/bin/../lib/gcc/arm-atollic-eabi/6.3.1/../../../../arm-atollic-eabi/lib/armv6-m/libc_nano.a(lib_a-sprintf.o)
 .debug_frame   0x0000000000008ec8      0x140 /opt/Atollic_TrueSTUDIO_for_STM32_x86_64_9.3.0/ARMTools/bin/../lib/gcc/arm-atollic-eabi/6.3.1/../../../../arm-atollic-eabi/lib/armv6-m/libc_nano.a(lib_a-findfp.o)
 .debug_frame   0x0000000000009008       0x2c /opt/Atollic_TrueSTUDIO_for_STM32_x86_64_9.3.0/ARMTools/bin/../lib/gcc/arm-atollic-eabi/6.3.1/../../../../arm-atollic-eabi/lib/armv6-m/libc_nano.a(lib_a-nano-mallocr.o)
 .debug_frame   0x0000000000009034       0x74 /opt/Atollic_TrueSTUDIO_for_STM32_x86_64_9.3.0/ARMTools/bin/../lib/gcc/arm-atollic-eabi/6.3.1/../../../../arm-atollic-eabi/lib/armv6-m/libc_nano.a(lib_a-nano-svfprintf.o)
 .debug_frame   0x00000000000090a8       0x54 /opt/Atollic_TrueSTUDIO_for_STM32_x86_64_9.3.0/ARMTools/bin/../lib/gcc/arm-atollic-eabi/6.3.1/../../../../arm-atollic-eabi/lib/armv6-m/libc_nano.a(lib_a-nano-vfprintf_i.o)
 .debug_frame   0x00000000000090fc       0x2c /opt/Atollic_TrueSTUDIO_for_STM32_x86_64_9.3.0/ARMTools/bin/../lib/gcc/arm-atollic-eabi/6.3.1/../../../../arm-atollic-eabi/lib/armv6-m/libc_nano.a(lib_a-sbrkr.o)
 .debug_frame   0x0000000000009128       0x20 /opt/Atollic_TrueSTUDIO_for_STM32_x86_64_9.3.0/ARMTools/bin/../lib/gcc/arm-atollic-eabi/6.3.1/../../../../arm-atollic-eabi/lib/armv6-m/libc_nano.a(lib_a-memchr-stub.o)
 .debug_frame   0x0000000000009148       0x28 /opt/Atollic_TrueSTUDIO_for_STM32_x86_64_9.3.0/ARMTools/bin/../lib/gcc/arm-atollic-eabi/6.3.1/../../../../arm-atollic-eabi/lib/armv6-m/libc_nano.a(lib_a-memmove.o)
 .debug_frame   0x0000000000009170       0x30 /opt/Atollic_TrueSTUDIO_for_STM32_x86_64_9.3.0/ARMTools/bin/../lib/gcc/arm-atollic-eabi/6.3.1/../../../../arm-atollic-eabi/lib/armv6-m/libc_nano.a(lib_a-mlock.o)
 .debug_frame   0x00000000000091a0       0x2c /opt/Atollic_TrueSTUDIO_for_STM32_x86_64_9.3.0/ARMTools/bin/../lib/gcc/arm-atollic-eabi/6.3.1/../../../../arm-atollic-eabi/lib/armv6-m/libc_nano.a(lib_a-nano-freer.o)
 .debug_frame   0x00000000000091cc       0x30 /opt/Atollic_TrueSTUDIO_for_STM32_x86_64_9.3.0/ARMTools/bin/../lib/gcc/arm-atollic-eabi/6.3.1/../../../../arm-atollic-eabi/lib/armv6-m/libc_nano.a(lib_a-nano-reallocr.o)
 .debug_frame   0x00000000000091fc       0x48 /opt/Atollic_TrueSTUDIO_for_STM32_x86_64_9.3.0/ARMTools/bin/../lib/gcc/arm-atollic-eabi/6.3.1/../../../../arm-atollic-eabi/lib/armv6-m/libc_nano.a(lib_a-reent.o)
 .debug_frame   0x0000000000009244       0x20 /opt/Atollic_TrueSTUDIO_for_STM32_x86_64_9.3.0/ARMTools/bin/../lib/gcc/arm-atollic-eabi/6.3.1/../../../../arm-atollic-eabi/lib/armv6-m/libc_nano.a(lib_a-nano-msizer.o)
 .debug_frame   0x0000000000009264       0x20 /opt/Atollic_TrueSTUDIO_for_STM32_x86_64_9.3.0/ARMTools/bin/../lib/gcc/arm-atollic-eabi/6.3.1/armv6-m/libgcc.a(_udivsi3.o)
