u8g2_d_setup.c:8:6:u8g2_Setup_ssd1305_128x32_noname_1	32	static
u8g2_d_setup.c:16:6:u8g2_Setup_ssd1305_128x32_adafruit_1	32	static
u8g2_d_setup.c:25:6:u8g2_Setup_ssd1305_128x32_noname_2	32	static
u8g2_d_setup.c:33:6:u8g2_Setup_ssd1305_128x32_adafruit_2	32	static
u8g2_d_setup.c:42:6:u8g2_Setup_ssd1305_128x32_noname_f	32	static
u8g2_d_setup.c:50:6:u8g2_Setup_ssd1305_128x32_adafruit_f	32	static
u8g2_d_setup.c:60:6:u8g2_Setup_ssd1305_i2c_128x32_noname_1	32	static
u8g2_d_setup.c:68:6:u8g2_Setup_ssd1305_i2c_128x32_adafruit_1	32	static
u8g2_d_setup.c:77:6:u8g2_Setup_ssd1305_i2c_128x32_noname_2	32	static
u8g2_d_setup.c:85:6:u8g2_Setup_ssd1305_i2c_128x32_adafruit_2	32	static
u8g2_d_setup.c:94:6:u8g2_Setup_ssd1305_i2c_128x32_noname_f	32	static
u8g2_d_setup.c:102:6:u8g2_Setup_ssd1305_i2c_128x32_adafruit_f	32	static
u8g2_d_setup.c:112:6:u8g2_Setup_ssd1305_128x64_adafruit_1	32	static
u8g2_d_setup.c:121:6:u8g2_Setup_ssd1305_128x64_adafruit_2	32	static
u8g2_d_setup.c:130:6:u8g2_Setup_ssd1305_128x64_adafruit_f	32	static
u8g2_d_setup.c:140:6:u8g2_Setup_ssd1305_i2c_128x64_adafruit_1	32	static
u8g2_d_setup.c:149:6:u8g2_Setup_ssd1305_i2c_128x64_adafruit_2	32	static
u8g2_d_setup.c:158:6:u8g2_Setup_ssd1305_i2c_128x64_adafruit_f	32	static
u8g2_d_setup.c:168:6:u8g2_Setup_ssd1306_128x64_noname_1	32	static
u8g2_d_setup.c:176:6:u8g2_Setup_ssd1306_128x64_vcomh0_1	32	static
u8g2_d_setup.c:184:6:u8g2_Setup_ssd1306_128x64_alt0_1	32	static
u8g2_d_setup.c:193:6:u8g2_Setup_ssd1306_128x64_noname_2	32	static
u8g2_d_setup.c:201:6:u8g2_Setup_ssd1306_128x64_vcomh0_2	32	static
u8g2_d_setup.c:209:6:u8g2_Setup_ssd1306_128x64_alt0_2	32	static
u8g2_d_setup.c:218:6:u8g2_Setup_ssd1306_128x64_noname_f	32	static
u8g2_d_setup.c:226:6:u8g2_Setup_ssd1306_128x64_vcomh0_f	32	static
u8g2_d_setup.c:234:6:u8g2_Setup_ssd1306_128x64_alt0_f	32	static
u8g2_d_setup.c:244:6:u8g2_Setup_ssd1306_i2c_128x64_noname_1	32	static
u8g2_d_setup.c:252:6:u8g2_Setup_ssd1306_i2c_128x64_vcomh0_1	32	static
u8g2_d_setup.c:260:6:u8g2_Setup_ssd1306_i2c_128x64_alt0_1	32	static
u8g2_d_setup.c:269:6:u8g2_Setup_ssd1306_i2c_128x64_noname_2	32	static
u8g2_d_setup.c:277:6:u8g2_Setup_ssd1306_i2c_128x64_vcomh0_2	32	static
u8g2_d_setup.c:285:6:u8g2_Setup_ssd1306_i2c_128x64_alt0_2	32	static
u8g2_d_setup.c:294:6:u8g2_Setup_ssd1306_i2c_128x64_noname_f	32	static
u8g2_d_setup.c:302:6:u8g2_Setup_ssd1306_i2c_128x64_vcomh0_f	32	static
u8g2_d_setup.c:310:6:u8g2_Setup_ssd1306_i2c_128x64_alt0_f	32	static
u8g2_d_setup.c:320:6:u8g2_Setup_sh1106_128x64_noname_1	32	static
u8g2_d_setup.c:328:6:u8g2_Setup_sh1106_128x64_vcomh0_1	32	static
u8g2_d_setup.c:336:6:u8g2_Setup_sh1106_128x64_winstar_1	32	static
u8g2_d_setup.c:345:6:u8g2_Setup_sh1106_128x64_noname_2	32	static
u8g2_d_setup.c:353:6:u8g2_Setup_sh1106_128x64_vcomh0_2	32	static
u8g2_d_setup.c:361:6:u8g2_Setup_sh1106_128x64_winstar_2	32	static
u8g2_d_setup.c:370:6:u8g2_Setup_sh1106_128x64_noname_f	32	static
u8g2_d_setup.c:378:6:u8g2_Setup_sh1106_128x64_vcomh0_f	32	static
u8g2_d_setup.c:386:6:u8g2_Setup_sh1106_128x64_winstar_f	32	static
u8g2_d_setup.c:396:6:u8g2_Setup_sh1106_i2c_128x64_noname_1	32	static
u8g2_d_setup.c:404:6:u8g2_Setup_sh1106_i2c_128x64_vcomh0_1	32	static
u8g2_d_setup.c:412:6:u8g2_Setup_sh1106_i2c_128x64_winstar_1	32	static
u8g2_d_setup.c:421:6:u8g2_Setup_sh1106_i2c_128x64_noname_2	32	static
u8g2_d_setup.c:429:6:u8g2_Setup_sh1106_i2c_128x64_vcomh0_2	32	static
u8g2_d_setup.c:437:6:u8g2_Setup_sh1106_i2c_128x64_winstar_2	32	static
u8g2_d_setup.c:446:6:u8g2_Setup_sh1106_i2c_128x64_noname_f	32	static
u8g2_d_setup.c:454:6:u8g2_Setup_sh1106_i2c_128x64_vcomh0_f	32	static
u8g2_d_setup.c:462:6:u8g2_Setup_sh1106_i2c_128x64_winstar_f	32	static
u8g2_d_setup.c:472:6:u8g2_Setup_sh1106_72x40_wise_1	32	static
u8g2_d_setup.c:481:6:u8g2_Setup_sh1106_72x40_wise_2	32	static
u8g2_d_setup.c:490:6:u8g2_Setup_sh1106_72x40_wise_f	32	static
u8g2_d_setup.c:500:6:u8g2_Setup_sh1106_i2c_72x40_wise_1	32	static
u8g2_d_setup.c:509:6:u8g2_Setup_sh1106_i2c_72x40_wise_2	32	static
u8g2_d_setup.c:518:6:u8g2_Setup_sh1106_i2c_72x40_wise_f	32	static
u8g2_d_setup.c:528:6:u8g2_Setup_sh1106_64x32_1	32	static
u8g2_d_setup.c:537:6:u8g2_Setup_sh1106_64x32_2	32	static
u8g2_d_setup.c:546:6:u8g2_Setup_sh1106_64x32_f	32	static
u8g2_d_setup.c:556:6:u8g2_Setup_sh1106_i2c_64x32_1	32	static
u8g2_d_setup.c:565:6:u8g2_Setup_sh1106_i2c_64x32_2	32	static
u8g2_d_setup.c:574:6:u8g2_Setup_sh1106_i2c_64x32_f	32	static
u8g2_d_setup.c:584:6:u8g2_Setup_sh1107_64x128_1	32	static
u8g2_d_setup.c:593:6:u8g2_Setup_sh1107_64x128_2	32	static
u8g2_d_setup.c:602:6:u8g2_Setup_sh1107_64x128_f	32	static
u8g2_d_setup.c:612:6:u8g2_Setup_sh1107_i2c_64x128_1	32	static
u8g2_d_setup.c:621:6:u8g2_Setup_sh1107_i2c_64x128_2	32	static
u8g2_d_setup.c:630:6:u8g2_Setup_sh1107_i2c_64x128_f	32	static
u8g2_d_setup.c:640:6:u8g2_Setup_sh1107_seeed_96x96_1	32	static
u8g2_d_setup.c:649:6:u8g2_Setup_sh1107_seeed_96x96_2	32	static
u8g2_d_setup.c:658:6:u8g2_Setup_sh1107_seeed_96x96_f	32	static
u8g2_d_setup.c:668:6:u8g2_Setup_sh1107_i2c_seeed_96x96_1	32	static
u8g2_d_setup.c:677:6:u8g2_Setup_sh1107_i2c_seeed_96x96_2	32	static
u8g2_d_setup.c:686:6:u8g2_Setup_sh1107_i2c_seeed_96x96_f	32	static
u8g2_d_setup.c:696:6:u8g2_Setup_sh1107_128x128_1	32	static
u8g2_d_setup.c:704:6:u8g2_Setup_sh1107_pimoroni_128x128_1	32	static
u8g2_d_setup.c:712:6:u8g2_Setup_sh1107_seeed_128x128_1	32	static
u8g2_d_setup.c:721:6:u8g2_Setup_sh1107_128x128_2	32	static
u8g2_d_setup.c:729:6:u8g2_Setup_sh1107_pimoroni_128x128_2	32	static
u8g2_d_setup.c:737:6:u8g2_Setup_sh1107_seeed_128x128_2	32	static
u8g2_d_setup.c:746:6:u8g2_Setup_sh1107_128x128_f	32	static
u8g2_d_setup.c:754:6:u8g2_Setup_sh1107_pimoroni_128x128_f	32	static
u8g2_d_setup.c:762:6:u8g2_Setup_sh1107_seeed_128x128_f	32	static
u8g2_d_setup.c:772:6:u8g2_Setup_sh1107_i2c_128x128_1	32	static
u8g2_d_setup.c:780:6:u8g2_Setup_sh1107_i2c_pimoroni_128x128_1	32	static
u8g2_d_setup.c:788:6:u8g2_Setup_sh1107_i2c_seeed_128x128_1	32	static
u8g2_d_setup.c:797:6:u8g2_Setup_sh1107_i2c_128x128_2	32	static
u8g2_d_setup.c:805:6:u8g2_Setup_sh1107_i2c_pimoroni_128x128_2	32	static
u8g2_d_setup.c:813:6:u8g2_Setup_sh1107_i2c_seeed_128x128_2	32	static
u8g2_d_setup.c:822:6:u8g2_Setup_sh1107_i2c_128x128_f	32	static
u8g2_d_setup.c:830:6:u8g2_Setup_sh1107_i2c_pimoroni_128x128_f	32	static
u8g2_d_setup.c:838:6:u8g2_Setup_sh1107_i2c_seeed_128x128_f	32	static
u8g2_d_setup.c:848:6:u8g2_Setup_sh1108_160x160_1	32	static
u8g2_d_setup.c:857:6:u8g2_Setup_sh1108_160x160_2	32	static
u8g2_d_setup.c:866:6:u8g2_Setup_sh1108_160x160_f	32	static
u8g2_d_setup.c:876:6:u8g2_Setup_sh1108_i2c_160x160_1	32	static
u8g2_d_setup.c:885:6:u8g2_Setup_sh1108_i2c_160x160_2	32	static
u8g2_d_setup.c:894:6:u8g2_Setup_sh1108_i2c_160x160_f	32	static
u8g2_d_setup.c:904:6:u8g2_Setup_sh1122_256x64_1	32	static
u8g2_d_setup.c:913:6:u8g2_Setup_sh1122_256x64_2	32	static
u8g2_d_setup.c:922:6:u8g2_Setup_sh1122_256x64_f	32	static
u8g2_d_setup.c:932:6:u8g2_Setup_sh1122_i2c_256x64_1	32	static
u8g2_d_setup.c:941:6:u8g2_Setup_sh1122_i2c_256x64_2	32	static
u8g2_d_setup.c:950:6:u8g2_Setup_sh1122_i2c_256x64_f	32	static
u8g2_d_setup.c:960:6:u8g2_Setup_ssd1306_128x32_univision_1	32	static
u8g2_d_setup.c:968:6:u8g2_Setup_ssd1306_128x32_winstar_1	32	static
u8g2_d_setup.c:977:6:u8g2_Setup_ssd1306_128x32_univision_2	32	static
u8g2_d_setup.c:985:6:u8g2_Setup_ssd1306_128x32_winstar_2	32	static
u8g2_d_setup.c:994:6:u8g2_Setup_ssd1306_128x32_univision_f	32	static
u8g2_d_setup.c:1002:6:u8g2_Setup_ssd1306_128x32_winstar_f	32	static
u8g2_d_setup.c:1012:6:u8g2_Setup_ssd1306_i2c_128x32_univision_1	32	static
u8g2_d_setup.c:1020:6:u8g2_Setup_ssd1306_i2c_128x32_winstar_1	32	static
u8g2_d_setup.c:1029:6:u8g2_Setup_ssd1306_i2c_128x32_univision_2	32	static
u8g2_d_setup.c:1037:6:u8g2_Setup_ssd1306_i2c_128x32_winstar_2	32	static
u8g2_d_setup.c:1046:6:u8g2_Setup_ssd1306_i2c_128x32_univision_f	32	static
u8g2_d_setup.c:1054:6:u8g2_Setup_ssd1306_i2c_128x32_winstar_f	32	static
u8g2_d_setup.c:1064:6:u8g2_Setup_ssd1306_64x48_er_1	32	static
u8g2_d_setup.c:1073:6:u8g2_Setup_ssd1306_64x48_er_2	32	static
u8g2_d_setup.c:1082:6:u8g2_Setup_ssd1306_64x48_er_f	32	static
u8g2_d_setup.c:1092:6:u8g2_Setup_ssd1306_i2c_64x48_er_1	32	static
u8g2_d_setup.c:1101:6:u8g2_Setup_ssd1306_i2c_64x48_er_2	32	static
u8g2_d_setup.c:1110:6:u8g2_Setup_ssd1306_i2c_64x48_er_f	32	static
u8g2_d_setup.c:1120:6:u8g2_Setup_ssd1306_48x64_winstar_1	32	static
u8g2_d_setup.c:1129:6:u8g2_Setup_ssd1306_48x64_winstar_2	32	static
u8g2_d_setup.c:1138:6:u8g2_Setup_ssd1306_48x64_winstar_f	32	static
u8g2_d_setup.c:1148:6:u8g2_Setup_ssd1306_i2c_48x64_winstar_1	32	static
u8g2_d_setup.c:1157:6:u8g2_Setup_ssd1306_i2c_48x64_winstar_2	32	static
u8g2_d_setup.c:1166:6:u8g2_Setup_ssd1306_i2c_48x64_winstar_f	32	static
u8g2_d_setup.c:1176:6:u8g2_Setup_ssd1306_64x32_noname_1	32	static
u8g2_d_setup.c:1184:6:u8g2_Setup_ssd1306_64x32_1f_1	32	static
u8g2_d_setup.c:1193:6:u8g2_Setup_ssd1306_64x32_noname_2	32	static
u8g2_d_setup.c:1201:6:u8g2_Setup_ssd1306_64x32_1f_2	32	static
u8g2_d_setup.c:1210:6:u8g2_Setup_ssd1306_64x32_noname_f	32	static
u8g2_d_setup.c:1218:6:u8g2_Setup_ssd1306_64x32_1f_f	32	static
u8g2_d_setup.c:1228:6:u8g2_Setup_ssd1306_i2c_64x32_noname_1	32	static
u8g2_d_setup.c:1236:6:u8g2_Setup_ssd1306_i2c_64x32_1f_1	32	static
u8g2_d_setup.c:1245:6:u8g2_Setup_ssd1306_i2c_64x32_noname_2	32	static
u8g2_d_setup.c:1253:6:u8g2_Setup_ssd1306_i2c_64x32_1f_2	32	static
u8g2_d_setup.c:1262:6:u8g2_Setup_ssd1306_i2c_64x32_noname_f	32	static
u8g2_d_setup.c:1270:6:u8g2_Setup_ssd1306_i2c_64x32_1f_f	32	static
u8g2_d_setup.c:1280:6:u8g2_Setup_ssd1306_96x16_er_1	32	static
u8g2_d_setup.c:1289:6:u8g2_Setup_ssd1306_96x16_er_2	32	static
u8g2_d_setup.c:1298:6:u8g2_Setup_ssd1306_96x16_er_f	32	static
u8g2_d_setup.c:1308:6:u8g2_Setup_ssd1306_i2c_96x16_er_1	32	static
u8g2_d_setup.c:1317:6:u8g2_Setup_ssd1306_i2c_96x16_er_2	32	static
u8g2_d_setup.c:1326:6:u8g2_Setup_ssd1306_i2c_96x16_er_f	32	static
u8g2_d_setup.c:1336:6:u8g2_Setup_ssd1309_128x64_noname2_1	32	static
u8g2_d_setup.c:1345:6:u8g2_Setup_ssd1309_128x64_noname2_2	32	static
u8g2_d_setup.c:1354:6:u8g2_Setup_ssd1309_128x64_noname2_f	32	static
u8g2_d_setup.c:1364:6:u8g2_Setup_ssd1309_i2c_128x64_noname2_1	32	static
u8g2_d_setup.c:1373:6:u8g2_Setup_ssd1309_i2c_128x64_noname2_2	32	static
u8g2_d_setup.c:1382:6:u8g2_Setup_ssd1309_i2c_128x64_noname2_f	32	static
u8g2_d_setup.c:1392:6:u8g2_Setup_ssd1309_128x64_noname0_1	32	static
u8g2_d_setup.c:1401:6:u8g2_Setup_ssd1309_128x64_noname0_2	32	static
u8g2_d_setup.c:1410:6:u8g2_Setup_ssd1309_128x64_noname0_f	32	static
u8g2_d_setup.c:1420:6:u8g2_Setup_ssd1309_i2c_128x64_noname0_1	32	static
u8g2_d_setup.c:1429:6:u8g2_Setup_ssd1309_i2c_128x64_noname0_2	32	static
u8g2_d_setup.c:1438:6:u8g2_Setup_ssd1309_i2c_128x64_noname0_f	32	static
u8g2_d_setup.c:1448:6:u8g2_Setup_ssd1316_128x32_1	32	static
u8g2_d_setup.c:1457:6:u8g2_Setup_ssd1316_128x32_2	32	static
u8g2_d_setup.c:1466:6:u8g2_Setup_ssd1316_128x32_f	32	static
u8g2_d_setup.c:1476:6:u8g2_Setup_ssd1316_i2c_128x32_1	32	static
u8g2_d_setup.c:1485:6:u8g2_Setup_ssd1316_i2c_128x32_2	32	static
u8g2_d_setup.c:1494:6:u8g2_Setup_ssd1316_i2c_128x32_f	32	static
u8g2_d_setup.c:1504:6:u8g2_Setup_ssd1317_96x96_1	32	static
u8g2_d_setup.c:1513:6:u8g2_Setup_ssd1317_96x96_2	32	static
u8g2_d_setup.c:1522:6:u8g2_Setup_ssd1317_96x96_f	32	static
u8g2_d_setup.c:1532:6:u8g2_Setup_ssd1317_i2c_96x96_1	32	static
u8g2_d_setup.c:1541:6:u8g2_Setup_ssd1317_i2c_96x96_2	32	static
u8g2_d_setup.c:1550:6:u8g2_Setup_ssd1317_i2c_96x96_f	32	static
u8g2_d_setup.c:1560:6:u8g2_Setup_ssd1318_128x96_1	32	static
u8g2_d_setup.c:1568:6:u8g2_Setup_ssd1318_128x96_xcp_1	32	static
u8g2_d_setup.c:1577:6:u8g2_Setup_ssd1318_128x96_2	32	static
u8g2_d_setup.c:1585:6:u8g2_Setup_ssd1318_128x96_xcp_2	32	static
u8g2_d_setup.c:1594:6:u8g2_Setup_ssd1318_128x96_f	32	static
u8g2_d_setup.c:1602:6:u8g2_Setup_ssd1318_128x96_xcp_f	32	static
u8g2_d_setup.c:1612:6:u8g2_Setup_ssd1318_i2c_128x96_1	32	static
u8g2_d_setup.c:1620:6:u8g2_Setup_ssd1318_i2c_128x96_xcp_1	32	static
u8g2_d_setup.c:1629:6:u8g2_Setup_ssd1318_i2c_128x96_2	32	static
u8g2_d_setup.c:1637:6:u8g2_Setup_ssd1318_i2c_128x96_xcp_2	32	static
u8g2_d_setup.c:1646:6:u8g2_Setup_ssd1318_i2c_128x96_f	32	static
u8g2_d_setup.c:1654:6:u8g2_Setup_ssd1318_i2c_128x96_xcp_f	32	static
u8g2_d_setup.c:1664:6:u8g2_Setup_ssd1325_nhd_128x64_1	32	static
u8g2_d_setup.c:1673:6:u8g2_Setup_ssd1325_nhd_128x64_2	32	static
u8g2_d_setup.c:1682:6:u8g2_Setup_ssd1325_nhd_128x64_f	32	static
u8g2_d_setup.c:1692:6:u8g2_Setup_ssd1325_i2c_nhd_128x64_1	32	static
u8g2_d_setup.c:1701:6:u8g2_Setup_ssd1325_i2c_nhd_128x64_2	32	static
u8g2_d_setup.c:1710:6:u8g2_Setup_ssd1325_i2c_nhd_128x64_f	32	static
u8g2_d_setup.c:1720:6:u8g2_Setup_ssd0323_os128064_1	32	static
u8g2_d_setup.c:1729:6:u8g2_Setup_ssd0323_os128064_2	32	static
u8g2_d_setup.c:1738:6:u8g2_Setup_ssd0323_os128064_f	32	static
u8g2_d_setup.c:1748:6:u8g2_Setup_ssd0323_i2c_os128064_1	32	static
u8g2_d_setup.c:1757:6:u8g2_Setup_ssd0323_i2c_os128064_2	32	static
u8g2_d_setup.c:1766:6:u8g2_Setup_ssd0323_i2c_os128064_f	32	static
u8g2_d_setup.c:1776:6:u8g2_Setup_ssd1326_er_256x32_1	32	static
u8g2_d_setup.c:1785:6:u8g2_Setup_ssd1326_er_256x32_2	32	static
u8g2_d_setup.c:1794:6:u8g2_Setup_ssd1326_er_256x32_f	32	static
u8g2_d_setup.c:1804:6:u8g2_Setup_ssd1326_i2c_er_256x32_1	32	static
u8g2_d_setup.c:1813:6:u8g2_Setup_ssd1326_i2c_er_256x32_2	32	static
u8g2_d_setup.c:1822:6:u8g2_Setup_ssd1326_i2c_er_256x32_f	32	static
u8g2_d_setup.c:1832:6:u8g2_Setup_ssd1327_seeed_96x96_1	32	static
u8g2_d_setup.c:1841:6:u8g2_Setup_ssd1327_seeed_96x96_2	32	static
u8g2_d_setup.c:1850:6:u8g2_Setup_ssd1327_seeed_96x96_f	32	static
u8g2_d_setup.c:1860:6:u8g2_Setup_ssd1327_i2c_seeed_96x96_1	32	static
u8g2_d_setup.c:1869:6:u8g2_Setup_ssd1327_i2c_seeed_96x96_2	32	static
u8g2_d_setup.c:1878:6:u8g2_Setup_ssd1327_i2c_seeed_96x96_f	32	static
u8g2_d_setup.c:1888:6:u8g2_Setup_ssd1327_ea_w128128_1	32	static
u8g2_d_setup.c:1896:6:u8g2_Setup_ssd1327_midas_128x128_1	32	static
u8g2_d_setup.c:1904:6:u8g2_Setup_ssd1327_ws_128x128_1	32	static
u8g2_d_setup.c:1913:6:u8g2_Setup_ssd1327_ea_w128128_2	32	static
u8g2_d_setup.c:1921:6:u8g2_Setup_ssd1327_midas_128x128_2	32	static
u8g2_d_setup.c:1929:6:u8g2_Setup_ssd1327_ws_128x128_2	32	static
u8g2_d_setup.c:1938:6:u8g2_Setup_ssd1327_ea_w128128_f	32	static
u8g2_d_setup.c:1946:6:u8g2_Setup_ssd1327_midas_128x128_f	32	static
u8g2_d_setup.c:1954:6:u8g2_Setup_ssd1327_ws_128x128_f	32	static
u8g2_d_setup.c:1964:6:u8g2_Setup_ssd1327_i2c_ea_w128128_1	32	static
u8g2_d_setup.c:1972:6:u8g2_Setup_ssd1327_i2c_midas_128x128_1	32	static
u8g2_d_setup.c:1980:6:u8g2_Setup_ssd1327_i2c_ws_128x128_1	32	static
u8g2_d_setup.c:1989:6:u8g2_Setup_ssd1327_i2c_ea_w128128_2	32	static
u8g2_d_setup.c:1997:6:u8g2_Setup_ssd1327_i2c_midas_128x128_2	32	static
u8g2_d_setup.c:2005:6:u8g2_Setup_ssd1327_i2c_ws_128x128_2	32	static
u8g2_d_setup.c:2014:6:u8g2_Setup_ssd1327_i2c_ea_w128128_f	32	static
u8g2_d_setup.c:2022:6:u8g2_Setup_ssd1327_i2c_midas_128x128_f	32	static
u8g2_d_setup.c:2030:6:u8g2_Setup_ssd1327_i2c_ws_128x128_f	32	static
u8g2_d_setup.c:2040:6:u8g2_Setup_ssd1329_128x96_noname_1	32	static
u8g2_d_setup.c:2049:6:u8g2_Setup_ssd1329_128x96_noname_2	32	static
u8g2_d_setup.c:2058:6:u8g2_Setup_ssd1329_128x96_noname_f	32	static
u8g2_d_setup.c:2068:6:u8g2_Setup_ld7032_60x32_1	32	static
u8g2_d_setup.c:2077:6:u8g2_Setup_ld7032_60x32_2	32	static
u8g2_d_setup.c:2086:6:u8g2_Setup_ld7032_60x32_f	32	static
u8g2_d_setup.c:2096:6:u8g2_Setup_ld7032_i2c_60x32_1	32	static
u8g2_d_setup.c:2105:6:u8g2_Setup_ld7032_i2c_60x32_2	32	static
u8g2_d_setup.c:2114:6:u8g2_Setup_ld7032_i2c_60x32_f	32	static
u8g2_d_setup.c:2152:6:u8g2_Setup_st7920_192x32_1	32	static
u8g2_d_setup.c:2124:6:u8g2_Setup_st7920_p_192x32_1	8	static
u8g2_d_setup.c:2161:6:u8g2_Setup_st7920_192x32_2	32	static
u8g2_d_setup.c:2133:6:u8g2_Setup_st7920_p_192x32_2	8	static
u8g2_d_setup.c:2170:6:u8g2_Setup_st7920_192x32_f	32	static
u8g2_d_setup.c:2142:6:u8g2_Setup_st7920_p_192x32_f	8	static
u8g2_d_setup.c:2180:6:u8g2_Setup_st7920_s_192x32_1	32	static
u8g2_d_setup.c:2189:6:u8g2_Setup_st7920_s_192x32_2	32	static
u8g2_d_setup.c:2198:6:u8g2_Setup_st7920_s_192x32_f	32	static
u8g2_d_setup.c:2236:6:u8g2_Setup_st7920_128x64_1	32	static
u8g2_d_setup.c:2208:6:u8g2_Setup_st7920_p_128x64_1	8	static
u8g2_d_setup.c:2245:6:u8g2_Setup_st7920_128x64_2	32	static
u8g2_d_setup.c:2217:6:u8g2_Setup_st7920_p_128x64_2	8	static
u8g2_d_setup.c:2254:6:u8g2_Setup_st7920_128x64_f	32	static
u8g2_d_setup.c:2226:6:u8g2_Setup_st7920_p_128x64_f	8	static
u8g2_d_setup.c:2264:6:u8g2_Setup_st7920_s_128x64_1	32	static
u8g2_d_setup.c:2273:6:u8g2_Setup_st7920_s_128x64_2	32	static
u8g2_d_setup.c:2282:6:u8g2_Setup_st7920_s_128x64_f	32	static
u8g2_d_setup.c:2292:6:u8g2_Setup_ls013b7dh03_128x128_1	32	static
u8g2_d_setup.c:2301:6:u8g2_Setup_ls013b7dh03_128x128_2	32	static
u8g2_d_setup.c:2310:6:u8g2_Setup_ls013b7dh03_128x128_f	32	static
u8g2_d_setup.c:2320:6:u8g2_Setup_ls027b7dh01_400x240_1	32	static
u8g2_d_setup.c:2329:6:u8g2_Setup_ls027b7dh01_400x240_2	32	static
u8g2_d_setup.c:2338:6:u8g2_Setup_ls027b7dh01_400x240_f	32	static
u8g2_d_setup.c:2348:6:u8g2_Setup_ls013b7dh05_144x168_1	32	static
u8g2_d_setup.c:2357:6:u8g2_Setup_ls013b7dh05_144x168_2	32	static
u8g2_d_setup.c:2366:6:u8g2_Setup_ls013b7dh05_144x168_f	32	static
u8g2_d_setup.c:2376:6:u8g2_Setup_uc1701_ea_dogs102_1	32	static
u8g2_d_setup.c:2385:6:u8g2_Setup_uc1701_ea_dogs102_2	32	static
u8g2_d_setup.c:2394:6:u8g2_Setup_uc1701_ea_dogs102_f	32	static
u8g2_d_setup.c:2404:6:u8g2_Setup_uc1701_mini12864_1	32	static
u8g2_d_setup.c:2413:6:u8g2_Setup_uc1701_mini12864_2	32	static
u8g2_d_setup.c:2422:6:u8g2_Setup_uc1701_mini12864_f	32	static
u8g2_d_setup.c:2432:6:u8g2_Setup_pcd8544_84x48_1	32	static
u8g2_d_setup.c:2441:6:u8g2_Setup_pcd8544_84x48_2	32	static
u8g2_d_setup.c:2450:6:u8g2_Setup_pcd8544_84x48_f	32	static
u8g2_d_setup.c:2460:6:u8g2_Setup_pcf8812_96x65_1	32	static
u8g2_d_setup.c:2469:6:u8g2_Setup_pcf8812_96x65_2	32	static
u8g2_d_setup.c:2478:6:u8g2_Setup_pcf8812_96x65_f	32	static
u8g2_d_setup.c:2488:6:u8g2_Setup_hx1230_96x68_1	32	static
u8g2_d_setup.c:2497:6:u8g2_Setup_hx1230_96x68_2	32	static
u8g2_d_setup.c:2506:6:u8g2_Setup_hx1230_96x68_f	32	static
u8g2_d_setup.c:2516:6:u8g2_Setup_uc1604_jlx19264_1	32	static
u8g2_d_setup.c:2525:6:u8g2_Setup_uc1604_jlx19264_2	32	static
u8g2_d_setup.c:2534:6:u8g2_Setup_uc1604_jlx19264_f	32	static
u8g2_d_setup.c:2544:6:u8g2_Setup_uc1604_i2c_jlx19264_1	32	static
u8g2_d_setup.c:2553:6:u8g2_Setup_uc1604_i2c_jlx19264_2	32	static
u8g2_d_setup.c:2562:6:u8g2_Setup_uc1604_i2c_jlx19264_f	32	static
u8g2_d_setup.c:2572:6:u8g2_Setup_uc1608_erc24064_1	32	static
u8g2_d_setup.c:2581:6:u8g2_Setup_uc1608_erc24064_2	32	static
u8g2_d_setup.c:2590:6:u8g2_Setup_uc1608_erc24064_f	32	static
u8g2_d_setup.c:2600:6:u8g2_Setup_uc1608_i2c_erc24064_1	32	static
u8g2_d_setup.c:2609:6:u8g2_Setup_uc1608_i2c_erc24064_2	32	static
u8g2_d_setup.c:2618:6:u8g2_Setup_uc1608_i2c_erc24064_f	32	static
u8g2_d_setup.c:2628:6:u8g2_Setup_uc1608_erc240120_1	32	static
u8g2_d_setup.c:2637:6:u8g2_Setup_uc1608_erc240120_2	32	static
u8g2_d_setup.c:2646:6:u8g2_Setup_uc1608_erc240120_f	32	static
u8g2_d_setup.c:2656:6:u8g2_Setup_uc1608_i2c_erc240120_1	32	static
u8g2_d_setup.c:2665:6:u8g2_Setup_uc1608_i2c_erc240120_2	32	static
u8g2_d_setup.c:2674:6:u8g2_Setup_uc1608_i2c_erc240120_f	32	static
u8g2_d_setup.c:2684:6:u8g2_Setup_uc1608_240x128_1	32	static
u8g2_d_setup.c:2693:6:u8g2_Setup_uc1608_240x128_2	32	static
u8g2_d_setup.c:2702:6:u8g2_Setup_uc1608_240x128_f	32	static
u8g2_d_setup.c:2712:6:u8g2_Setup_uc1608_i2c_240x128_1	32	static
u8g2_d_setup.c:2721:6:u8g2_Setup_uc1608_i2c_240x128_2	32	static
u8g2_d_setup.c:2730:6:u8g2_Setup_uc1608_i2c_240x128_f	32	static
u8g2_d_setup.c:2740:6:u8g2_Setup_uc1638_160x128_1	32	static
u8g2_d_setup.c:2749:6:u8g2_Setup_uc1638_160x128_2	32	static
u8g2_d_setup.c:2758:6:u8g2_Setup_uc1638_160x128_f	32	static
u8g2_d_setup.c:2768:6:u8g2_Setup_uc1610_ea_dogxl160_1	32	static
u8g2_d_setup.c:2777:6:u8g2_Setup_uc1610_ea_dogxl160_2	32	static
u8g2_d_setup.c:2786:6:u8g2_Setup_uc1610_ea_dogxl160_f	32	static
u8g2_d_setup.c:2796:6:u8g2_Setup_uc1610_i2c_ea_dogxl160_1	32	static
u8g2_d_setup.c:2805:6:u8g2_Setup_uc1610_i2c_ea_dogxl160_2	32	static
u8g2_d_setup.c:2814:6:u8g2_Setup_uc1610_i2c_ea_dogxl160_f	32	static
u8g2_d_setup.c:2824:6:u8g2_Setup_uc1611_ea_dogm240_1	32	static
u8g2_d_setup.c:2833:6:u8g2_Setup_uc1611_ea_dogm240_2	32	static
u8g2_d_setup.c:2842:6:u8g2_Setup_uc1611_ea_dogm240_f	32	static
u8g2_d_setup.c:2852:6:u8g2_Setup_uc1611_i2c_ea_dogm240_1	32	static
u8g2_d_setup.c:2861:6:u8g2_Setup_uc1611_i2c_ea_dogm240_2	32	static
u8g2_d_setup.c:2870:6:u8g2_Setup_uc1611_i2c_ea_dogm240_f	32	static
u8g2_d_setup.c:2880:6:u8g2_Setup_uc1611_ea_dogxl240_1	32	static
u8g2_d_setup.c:2889:6:u8g2_Setup_uc1611_ea_dogxl240_2	32	static
u8g2_d_setup.c:2898:6:u8g2_Setup_uc1611_ea_dogxl240_f	32	static
u8g2_d_setup.c:2908:6:u8g2_Setup_uc1611_i2c_ea_dogxl240_1	32	static
u8g2_d_setup.c:2917:6:u8g2_Setup_uc1611_i2c_ea_dogxl240_2	32	static
u8g2_d_setup.c:2926:6:u8g2_Setup_uc1611_i2c_ea_dogxl240_f	32	static
u8g2_d_setup.c:2936:6:u8g2_Setup_uc1611_ew50850_1	32	static
u8g2_d_setup.c:2945:6:u8g2_Setup_uc1611_ew50850_2	32	static
u8g2_d_setup.c:2954:6:u8g2_Setup_uc1611_ew50850_f	32	static
u8g2_d_setup.c:2964:6:u8g2_Setup_uc1611_i2c_ew50850_1	32	static
u8g2_d_setup.c:2973:6:u8g2_Setup_uc1611_i2c_ew50850_2	32	static
u8g2_d_setup.c:2982:6:u8g2_Setup_uc1611_i2c_ew50850_f	32	static
u8g2_d_setup.c:2992:6:u8g2_Setup_uc1611_cg160160_1	32	static
u8g2_d_setup.c:3001:6:u8g2_Setup_uc1611_cg160160_2	32	static
u8g2_d_setup.c:3010:6:u8g2_Setup_uc1611_cg160160_f	32	static
u8g2_d_setup.c:3020:6:u8g2_Setup_uc1611_i2c_cg160160_1	32	static
u8g2_d_setup.c:3029:6:u8g2_Setup_uc1611_i2c_cg160160_2	32	static
u8g2_d_setup.c:3038:6:u8g2_Setup_uc1611_i2c_cg160160_f	32	static
u8g2_d_setup.c:3048:6:u8g2_Setup_st7511_avd_320x240_1	32	static
u8g2_d_setup.c:3057:6:u8g2_Setup_st7511_avd_320x240_2	32	static
u8g2_d_setup.c:3066:6:u8g2_Setup_st7511_avd_320x240_f	32	static
u8g2_d_setup.c:3076:6:u8g2_Setup_st7528_nhd_c160100_1	32	static
u8g2_d_setup.c:3085:6:u8g2_Setup_st7528_nhd_c160100_2	32	static
u8g2_d_setup.c:3094:6:u8g2_Setup_st7528_nhd_c160100_f	32	static
u8g2_d_setup.c:3104:6:u8g2_Setup_st7528_i2c_nhd_c160100_1	32	static
u8g2_d_setup.c:3113:6:u8g2_Setup_st7528_i2c_nhd_c160100_2	32	static
u8g2_d_setup.c:3122:6:u8g2_Setup_st7528_i2c_nhd_c160100_f	32	static
u8g2_d_setup.c:3132:6:u8g2_Setup_st7565_ea_dogm128_1	32	static
u8g2_d_setup.c:3140:6:u8g2_Setup_st7565_lm6063_1	32	static
u8g2_d_setup.c:3148:6:u8g2_Setup_st7565_64128n_1	32	static
u8g2_d_setup.c:3156:6:u8g2_Setup_st7565_zolen_128x64_1	32	static
u8g2_d_setup.c:3164:6:u8g2_Setup_st7565_lm6059_1	32	static
u8g2_d_setup.c:3172:6:u8g2_Setup_st7565_lx12864_1	32	static
u8g2_d_setup.c:3180:6:u8g2_Setup_st7565_erc12864_1	32	static
u8g2_d_setup.c:3188:6:u8g2_Setup_st7565_erc12864_alt_1	32	static
u8g2_d_setup.c:3196:6:u8g2_Setup_st7565_nhd_c12864_1	32	static
u8g2_d_setup.c:3204:6:u8g2_Setup_st7565_jlx12864_1	32	static
u8g2_d_setup.c:3213:6:u8g2_Setup_st7565_ea_dogm128_2	32	static
u8g2_d_setup.c:3221:6:u8g2_Setup_st7565_lm6063_2	32	static
u8g2_d_setup.c:3229:6:u8g2_Setup_st7565_64128n_2	32	static
u8g2_d_setup.c:3237:6:u8g2_Setup_st7565_zolen_128x64_2	32	static
u8g2_d_setup.c:3245:6:u8g2_Setup_st7565_lm6059_2	32	static
u8g2_d_setup.c:3253:6:u8g2_Setup_st7565_lx12864_2	32	static
u8g2_d_setup.c:3261:6:u8g2_Setup_st7565_erc12864_2	32	static
u8g2_d_setup.c:3269:6:u8g2_Setup_st7565_erc12864_alt_2	32	static
u8g2_d_setup.c:3277:6:u8g2_Setup_st7565_nhd_c12864_2	32	static
u8g2_d_setup.c:3285:6:u8g2_Setup_st7565_jlx12864_2	32	static
u8g2_d_setup.c:3294:6:u8g2_Setup_st7565_ea_dogm128_f	32	static
u8g2_d_setup.c:3302:6:u8g2_Setup_st7565_lm6063_f	32	static
u8g2_d_setup.c:3310:6:u8g2_Setup_st7565_64128n_f	32	static
u8g2_d_setup.c:3318:6:u8g2_Setup_st7565_zolen_128x64_f	32	static
u8g2_d_setup.c:3326:6:u8g2_Setup_st7565_lm6059_f	32	static
u8g2_d_setup.c:3334:6:u8g2_Setup_st7565_lx12864_f	32	static
u8g2_d_setup.c:3342:6:u8g2_Setup_st7565_erc12864_f	32	static
u8g2_d_setup.c:3350:6:u8g2_Setup_st7565_erc12864_alt_f	32	static
u8g2_d_setup.c:3358:6:u8g2_Setup_st7565_nhd_c12864_f	32	static
u8g2_d_setup.c:3366:6:u8g2_Setup_st7565_jlx12864_f	32	static
u8g2_d_setup.c:3376:6:u8g2_Setup_st7565_nhd_c12832_1	32	static
u8g2_d_setup.c:3385:6:u8g2_Setup_st7565_nhd_c12832_2	32	static
u8g2_d_setup.c:3394:6:u8g2_Setup_st7565_nhd_c12832_f	32	static
u8g2_d_setup.c:3404:6:u8g2_Setup_uc1601_128x32_1	32	static
u8g2_d_setup.c:3413:6:u8g2_Setup_uc1601_128x32_2	32	static
u8g2_d_setup.c:3422:6:u8g2_Setup_uc1601_128x32_f	32	static
u8g2_d_setup.c:3432:6:u8g2_Setup_uc1601_i2c_128x32_1	32	static
u8g2_d_setup.c:3441:6:u8g2_Setup_uc1601_i2c_128x32_2	32	static
u8g2_d_setup.c:3450:6:u8g2_Setup_uc1601_i2c_128x32_f	32	static
u8g2_d_setup.c:3460:6:u8g2_Setup_st7565_ea_dogm132_1	32	static
u8g2_d_setup.c:3469:6:u8g2_Setup_st7565_ea_dogm132_2	32	static
u8g2_d_setup.c:3478:6:u8g2_Setup_st7565_ea_dogm132_f	32	static
u8g2_d_setup.c:3488:6:u8g2_Setup_st7567_pi_132x64_1	32	static
u8g2_d_setup.c:3497:6:u8g2_Setup_st7567_pi_132x64_2	32	static
u8g2_d_setup.c:3506:6:u8g2_Setup_st7567_pi_132x64_f	32	static
u8g2_d_setup.c:3516:6:u8g2_Setup_st7567_jlx12864_1	32	static
u8g2_d_setup.c:3524:6:u8g2_Setup_st7567_enh_dg128064_1	32	static
u8g2_d_setup.c:3532:6:u8g2_Setup_st7567_enh_dg128064i_1	32	static
u8g2_d_setup.c:3541:6:u8g2_Setup_st7567_jlx12864_2	32	static
u8g2_d_setup.c:3549:6:u8g2_Setup_st7567_enh_dg128064_2	32	static
u8g2_d_setup.c:3557:6:u8g2_Setup_st7567_enh_dg128064i_2	32	static
u8g2_d_setup.c:3566:6:u8g2_Setup_st7567_jlx12864_f	32	static
u8g2_d_setup.c:3574:6:u8g2_Setup_st7567_enh_dg128064_f	32	static
u8g2_d_setup.c:3582:6:u8g2_Setup_st7567_enh_dg128064i_f	32	static
u8g2_d_setup.c:3592:6:u8g2_Setup_st7567_64x32_1	32	static
u8g2_d_setup.c:3601:6:u8g2_Setup_st7567_64x32_2	32	static
u8g2_d_setup.c:3610:6:u8g2_Setup_st7567_64x32_f	32	static
u8g2_d_setup.c:3620:6:u8g2_Setup_st7567_i2c_64x32_1	32	static
u8g2_d_setup.c:3629:6:u8g2_Setup_st7567_i2c_64x32_2	32	static
u8g2_d_setup.c:3638:6:u8g2_Setup_st7567_i2c_64x32_f	32	static
u8g2_d_setup.c:3648:6:u8g2_Setup_st7586s_s028hn118a_1	32	static
u8g2_d_setup.c:3657:6:u8g2_Setup_st7586s_s028hn118a_2	32	static
u8g2_d_setup.c:3666:6:u8g2_Setup_st7586s_s028hn118a_f	32	static
u8g2_d_setup.c:3676:6:u8g2_Setup_st7586s_erc240160_1	32	static
u8g2_d_setup.c:3685:6:u8g2_Setup_st7586s_erc240160_2	32	static
u8g2_d_setup.c:3694:6:u8g2_Setup_st7586s_erc240160_f	32	static
u8g2_d_setup.c:3704:6:u8g2_Setup_st7588_jlx12864_1	32	static
u8g2_d_setup.c:3713:6:u8g2_Setup_st7588_jlx12864_2	32	static
u8g2_d_setup.c:3722:6:u8g2_Setup_st7588_jlx12864_f	32	static
u8g2_d_setup.c:3732:6:u8g2_Setup_st7588_i2c_jlx12864_1	32	static
u8g2_d_setup.c:3741:6:u8g2_Setup_st7588_i2c_jlx12864_2	32	static
u8g2_d_setup.c:3750:6:u8g2_Setup_st7588_i2c_jlx12864_f	32	static
u8g2_d_setup.c:3760:6:u8g2_Setup_st75256_jlx256128_1	32	static
u8g2_d_setup.c:3768:6:u8g2_Setup_st75256_wo256x128_1	32	static
u8g2_d_setup.c:3777:6:u8g2_Setup_st75256_jlx256128_2	32	static
u8g2_d_setup.c:3785:6:u8g2_Setup_st75256_wo256x128_2	32	static
u8g2_d_setup.c:3794:6:u8g2_Setup_st75256_jlx256128_f	32	static
u8g2_d_setup.c:3802:6:u8g2_Setup_st75256_wo256x128_f	32	static
u8g2_d_setup.c:3812:6:u8g2_Setup_st75256_i2c_jlx256128_1	32	static
u8g2_d_setup.c:3820:6:u8g2_Setup_st75256_i2c_wo256x128_1	32	static
u8g2_d_setup.c:3829:6:u8g2_Setup_st75256_i2c_jlx256128_2	32	static
u8g2_d_setup.c:3837:6:u8g2_Setup_st75256_i2c_wo256x128_2	32	static
u8g2_d_setup.c:3846:6:u8g2_Setup_st75256_i2c_jlx256128_f	32	static
u8g2_d_setup.c:3854:6:u8g2_Setup_st75256_i2c_wo256x128_f	32	static
u8g2_d_setup.c:3864:6:u8g2_Setup_st75256_jlx256160_1	32	static
u8g2_d_setup.c:3872:6:u8g2_Setup_st75256_jlx256160m_1	32	static
u8g2_d_setup.c:3880:6:u8g2_Setup_st75256_jlx256160_alt_1	32	static
u8g2_d_setup.c:3889:6:u8g2_Setup_st75256_jlx256160_2	32	static
u8g2_d_setup.c:3897:6:u8g2_Setup_st75256_jlx256160m_2	32	static
u8g2_d_setup.c:3905:6:u8g2_Setup_st75256_jlx256160_alt_2	32	static
u8g2_d_setup.c:3914:6:u8g2_Setup_st75256_jlx256160_f	32	static
u8g2_d_setup.c:3922:6:u8g2_Setup_st75256_jlx256160m_f	32	static
u8g2_d_setup.c:3930:6:u8g2_Setup_st75256_jlx256160_alt_f	32	static
u8g2_d_setup.c:3940:6:u8g2_Setup_st75256_i2c_jlx256160_1	32	static
u8g2_d_setup.c:3948:6:u8g2_Setup_st75256_i2c_jlx256160m_1	32	static
u8g2_d_setup.c:3956:6:u8g2_Setup_st75256_i2c_jlx256160_alt_1	32	static
u8g2_d_setup.c:3965:6:u8g2_Setup_st75256_i2c_jlx256160_2	32	static
u8g2_d_setup.c:3973:6:u8g2_Setup_st75256_i2c_jlx256160m_2	32	static
u8g2_d_setup.c:3981:6:u8g2_Setup_st75256_i2c_jlx256160_alt_2	32	static
u8g2_d_setup.c:3990:6:u8g2_Setup_st75256_i2c_jlx256160_f	32	static
u8g2_d_setup.c:3998:6:u8g2_Setup_st75256_i2c_jlx256160m_f	32	static
u8g2_d_setup.c:4006:6:u8g2_Setup_st75256_i2c_jlx256160_alt_f	32	static
u8g2_d_setup.c:4016:6:u8g2_Setup_st75256_jlx240160_1	32	static
u8g2_d_setup.c:4025:6:u8g2_Setup_st75256_jlx240160_2	32	static
u8g2_d_setup.c:4034:6:u8g2_Setup_st75256_jlx240160_f	32	static
u8g2_d_setup.c:4044:6:u8g2_Setup_st75256_i2c_jlx240160_1	32	static
u8g2_d_setup.c:4053:6:u8g2_Setup_st75256_i2c_jlx240160_2	32	static
u8g2_d_setup.c:4062:6:u8g2_Setup_st75256_i2c_jlx240160_f	32	static
u8g2_d_setup.c:4072:6:u8g2_Setup_st75256_jlx25664_1	32	static
u8g2_d_setup.c:4081:6:u8g2_Setup_st75256_jlx25664_2	32	static
u8g2_d_setup.c:4090:6:u8g2_Setup_st75256_jlx25664_f	32	static
u8g2_d_setup.c:4100:6:u8g2_Setup_st75256_i2c_jlx25664_1	32	static
u8g2_d_setup.c:4109:6:u8g2_Setup_st75256_i2c_jlx25664_2	32	static
u8g2_d_setup.c:4118:6:u8g2_Setup_st75256_i2c_jlx25664_f	32	static
u8g2_d_setup.c:4128:6:u8g2_Setup_st75256_jlx172104_1	32	static
u8g2_d_setup.c:4137:6:u8g2_Setup_st75256_jlx172104_2	32	static
u8g2_d_setup.c:4146:6:u8g2_Setup_st75256_jlx172104_f	32	static
u8g2_d_setup.c:4156:6:u8g2_Setup_st75256_i2c_jlx172104_1	32	static
u8g2_d_setup.c:4165:6:u8g2_Setup_st75256_i2c_jlx172104_2	32	static
u8g2_d_setup.c:4174:6:u8g2_Setup_st75256_i2c_jlx172104_f	32	static
u8g2_d_setup.c:4184:6:u8g2_Setup_st75256_jlx19296_1	32	static
u8g2_d_setup.c:4193:6:u8g2_Setup_st75256_jlx19296_2	32	static
u8g2_d_setup.c:4202:6:u8g2_Setup_st75256_jlx19296_f	32	static
u8g2_d_setup.c:4212:6:u8g2_Setup_st75256_i2c_jlx19296_1	32	static
u8g2_d_setup.c:4221:6:u8g2_Setup_st75256_i2c_jlx19296_2	32	static
u8g2_d_setup.c:4230:6:u8g2_Setup_st75256_i2c_jlx19296_f	32	static
u8g2_d_setup.c:4240:6:u8g2_Setup_st75320_jlx320240_1	32	static
u8g2_d_setup.c:4249:6:u8g2_Setup_st75320_jlx320240_2	32	static
u8g2_d_setup.c:4258:6:u8g2_Setup_st75320_jlx320240_f	32	static
u8g2_d_setup.c:4268:6:u8g2_Setup_st75320_i2c_jlx320240_1	32	static
u8g2_d_setup.c:4277:6:u8g2_Setup_st75320_i2c_jlx320240_2	32	static
u8g2_d_setup.c:4286:6:u8g2_Setup_st75320_i2c_jlx320240_f	32	static
u8g2_d_setup.c:4296:6:u8g2_Setup_nt7534_tg12864r_1	32	static
u8g2_d_setup.c:4305:6:u8g2_Setup_nt7534_tg12864r_2	32	static
u8g2_d_setup.c:4314:6:u8g2_Setup_nt7534_tg12864r_f	32	static
u8g2_d_setup.c:4324:6:u8g2_Setup_ist3020_erc19264_1	32	static
u8g2_d_setup.c:4333:6:u8g2_Setup_ist3020_erc19264_2	32	static
u8g2_d_setup.c:4342:6:u8g2_Setup_ist3020_erc19264_f	32	static
u8g2_d_setup.c:4352:6:u8g2_Setup_ist7920_128x128_1	32	static
u8g2_d_setup.c:4361:6:u8g2_Setup_ist7920_128x128_2	32	static
u8g2_d_setup.c:4370:6:u8g2_Setup_ist7920_128x128_f	32	static
u8g2_d_setup.c:4380:6:u8g2_Setup_sbn1661_122x32_1	32	static
u8g2_d_setup.c:4389:6:u8g2_Setup_sbn1661_122x32_2	32	static
u8g2_d_setup.c:4398:6:u8g2_Setup_sbn1661_122x32_f	32	static
u8g2_d_setup.c:4408:6:u8g2_Setup_sed1520_122x32_1	32	static
u8g2_d_setup.c:4417:6:u8g2_Setup_sed1520_122x32_2	32	static
u8g2_d_setup.c:4426:6:u8g2_Setup_sed1520_122x32_f	32	static
u8g2_d_setup.c:4436:6:u8g2_Setup_ks0108_128x64_1	32	static
u8g2_d_setup.c:4445:6:u8g2_Setup_ks0108_128x64_2	32	static
u8g2_d_setup.c:4454:6:u8g2_Setup_ks0108_128x64_f	32	static
u8g2_d_setup.c:4464:6:u8g2_Setup_ks0108_erm19264_1	32	static
u8g2_d_setup.c:4473:6:u8g2_Setup_ks0108_erm19264_2	32	static
u8g2_d_setup.c:4482:6:u8g2_Setup_ks0108_erm19264_f	32	static
u8g2_d_setup.c:4492:6:u8g2_Setup_lc7981_160x80_1	32	static
u8g2_d_setup.c:4501:6:u8g2_Setup_lc7981_160x80_2	32	static
u8g2_d_setup.c:4510:6:u8g2_Setup_lc7981_160x80_f	32	static
u8g2_d_setup.c:4520:6:u8g2_Setup_lc7981_160x160_1	32	static
u8g2_d_setup.c:4529:6:u8g2_Setup_lc7981_160x160_2	32	static
u8g2_d_setup.c:4538:6:u8g2_Setup_lc7981_160x160_f	32	static
u8g2_d_setup.c:4548:6:u8g2_Setup_lc7981_240x128_1	32	static
u8g2_d_setup.c:4557:6:u8g2_Setup_lc7981_240x128_2	32	static
u8g2_d_setup.c:4566:6:u8g2_Setup_lc7981_240x128_f	32	static
u8g2_d_setup.c:4576:6:u8g2_Setup_lc7981_240x64_1	32	static
u8g2_d_setup.c:4585:6:u8g2_Setup_lc7981_240x64_2	32	static
u8g2_d_setup.c:4594:6:u8g2_Setup_lc7981_240x64_f	32	static
u8g2_d_setup.c:4604:6:u8g2_Setup_t6963_240x128_1	32	static
u8g2_d_setup.c:4613:6:u8g2_Setup_t6963_240x128_2	32	static
u8g2_d_setup.c:4622:6:u8g2_Setup_t6963_240x128_f	32	static
u8g2_d_setup.c:4632:6:u8g2_Setup_t6963_240x64_1	32	static
u8g2_d_setup.c:4641:6:u8g2_Setup_t6963_240x64_2	32	static
u8g2_d_setup.c:4650:6:u8g2_Setup_t6963_240x64_f	32	static
u8g2_d_setup.c:4660:6:u8g2_Setup_t6963_256x64_1	32	static
u8g2_d_setup.c:4669:6:u8g2_Setup_t6963_256x64_2	32	static
u8g2_d_setup.c:4678:6:u8g2_Setup_t6963_256x64_f	32	static
u8g2_d_setup.c:4688:6:u8g2_Setup_t6963_128x64_1	32	static
u8g2_d_setup.c:4696:6:u8g2_Setup_t6963_128x64_alt_1	32	static
u8g2_d_setup.c:4705:6:u8g2_Setup_t6963_128x64_2	32	static
u8g2_d_setup.c:4713:6:u8g2_Setup_t6963_128x64_alt_2	32	static
u8g2_d_setup.c:4722:6:u8g2_Setup_t6963_128x64_f	32	static
u8g2_d_setup.c:4730:6:u8g2_Setup_t6963_128x64_alt_f	32	static
u8g2_d_setup.c:4740:6:u8g2_Setup_t6963_160x80_1	32	static
u8g2_d_setup.c:4749:6:u8g2_Setup_t6963_160x80_2	32	static
u8g2_d_setup.c:4758:6:u8g2_Setup_t6963_160x80_f	32	static
u8g2_d_setup.c:4768:6:u8g2_Setup_ssd1322_nhd_256x64_1	32	static
u8g2_d_setup.c:4777:6:u8g2_Setup_ssd1322_nhd_256x64_2	32	static
u8g2_d_setup.c:4786:6:u8g2_Setup_ssd1322_nhd_256x64_f	32	static
u8g2_d_setup.c:4796:6:u8g2_Setup_ssd1322_nhd_128x64_1	32	static
u8g2_d_setup.c:4805:6:u8g2_Setup_ssd1322_nhd_128x64_2	32	static
u8g2_d_setup.c:4814:6:u8g2_Setup_ssd1322_nhd_128x64_f	32	static
u8g2_d_setup.c:4824:6:u8g2_Setup_ssd1606_172x72_1	32	static
u8g2_d_setup.c:4833:6:u8g2_Setup_ssd1606_172x72_2	32	static
u8g2_d_setup.c:4842:6:u8g2_Setup_ssd1606_172x72_f	32	static
u8g2_d_setup.c:4852:6:u8g2_Setup_ssd1607_200x200_1	32	static
u8g2_d_setup.c:4860:6:u8g2_Setup_ssd1607_gd_200x200_1	32	static
u8g2_d_setup.c:4868:6:u8g2_Setup_ssd1607_ws_200x200_1	32	static
u8g2_d_setup.c:4877:6:u8g2_Setup_ssd1607_200x200_2	32	static
u8g2_d_setup.c:4885:6:u8g2_Setup_ssd1607_gd_200x200_2	32	static
u8g2_d_setup.c:4893:6:u8g2_Setup_ssd1607_ws_200x200_2	32	static
u8g2_d_setup.c:4902:6:u8g2_Setup_ssd1607_200x200_f	32	static
u8g2_d_setup.c:4910:6:u8g2_Setup_ssd1607_gd_200x200_f	32	static
u8g2_d_setup.c:4918:6:u8g2_Setup_ssd1607_ws_200x200_f	32	static
u8g2_d_setup.c:4928:6:u8g2_Setup_il3820_296x128_1	32	static
u8g2_d_setup.c:4936:6:u8g2_Setup_il3820_v2_296x128_1	32	static
u8g2_d_setup.c:4945:6:u8g2_Setup_il3820_296x128_2	32	static
u8g2_d_setup.c:4953:6:u8g2_Setup_il3820_v2_296x128_2	32	static
u8g2_d_setup.c:4962:6:u8g2_Setup_il3820_296x128_f	32	static
u8g2_d_setup.c:4970:6:u8g2_Setup_il3820_v2_296x128_f	32	static
u8g2_d_setup.c:4980:6:u8g2_Setup_sed1330_240x128_1	32	static
u8g2_d_setup.c:4989:6:u8g2_Setup_sed1330_240x128_2	32	static
u8g2_d_setup.c:4998:6:u8g2_Setup_sed1330_240x128_f	32	static
u8g2_d_setup.c:5008:6:u8g2_Setup_ra8835_nhd_240x128_1	32	static
u8g2_d_setup.c:5017:6:u8g2_Setup_ra8835_nhd_240x128_2	32	static
u8g2_d_setup.c:5026:6:u8g2_Setup_ra8835_nhd_240x128_f	32	static
u8g2_d_setup.c:5036:6:u8g2_Setup_ra8835_320x240_1	32	static
u8g2_d_setup.c:5045:6:u8g2_Setup_ra8835_320x240_2	32	static
u8g2_d_setup.c:5054:6:u8g2_Setup_ra8835_320x240_f	32	static
u8g2_d_setup.c:5064:6:u8g2_Setup_max7219_64x8_1	32	static
u8g2_d_setup.c:5073:6:u8g2_Setup_max7219_64x8_2	32	static
u8g2_d_setup.c:5082:6:u8g2_Setup_max7219_64x8_f	32	static
u8g2_d_setup.c:5092:6:u8g2_Setup_max7219_32x8_1	32	static
u8g2_d_setup.c:5101:6:u8g2_Setup_max7219_32x8_2	32	static
u8g2_d_setup.c:5110:6:u8g2_Setup_max7219_32x8_f	32	static
u8g2_d_setup.c:5120:6:u8g2_Setup_max7219_8x8_1	32	static
u8g2_d_setup.c:5129:6:u8g2_Setup_max7219_8x8_2	32	static
u8g2_d_setup.c:5138:6:u8g2_Setup_max7219_8x8_f	32	static
u8g2_d_setup.c:5148:6:u8g2_Setup_a2printer_384x240_1	32	static
u8g2_d_setup.c:5157:6:u8g2_Setup_a2printer_384x240_2	32	static
u8g2_d_setup.c:5166:6:u8g2_Setup_a2printer_384x240_f	32	static
