u8g2_font.c:118:17:u8g2_font_get_word	0	static
u8g2_font.c:297:20:u8g2_add_vector_y	8	static
u8g2_font.c:318:20:u8g2_add_vector_x	8	static
u8g2_font.c:977:13:u8g2_font_calc_vref_font	0	static
u8g2_font.c:988:13:u8g2_font_calc_vref_bottom	0	static
u8g2_font.c:998:13:u8g2_font_calc_vref_top	0	static
u8g2_font.c:1012:13:u8g2_font_calc_vref_center	0	static
u8g2_font.c:131:6:u8g2_read_font_info	16	static
u8g2_font.c:170:8:u8g2_GetFontSize	16	static
u8g2_font.c:205:9:u8g2_GetFontBBXWidth	0	static
u8g2_font.c:210:9:u8g2_GetFontBBXHeight	0	static
u8g2_font.c:216:8:u8g2_GetFontBBXOffX	0	static
u8g2_font.c:222:8:u8g2_GetFontBBXOffY	0	static
u8g2_font.c:228:9:u8g2_GetFontCapitalAHeight	0	static
u8g2_font.c:237:9:u8g2_font_decode_get_unsigned_bits	16	static
u8g2_font.c:453:13:u8g2_font_setup_decode	16	static
u8g2_font.c:282:8:u8g2_font_decode_get_signed_bits	8	static
u8g2_font.c:359:6:u8g2_font_decode_len	72	static
u8g2_font.c:487:8:u8g2_font_decode_glyph	64	static
u8g2_font.c:592:16:u8g2_font_get_glyph_data	24	static
u8g2_font.c:1047:16:u8g2_is_all_valid	16	static
u8g2_font.c:1115:13:u8g2_GetGlyphHorizontalProperties	16	static
u8g2_font.c:696:9:u8g2_IsGlyph	8	static
u8g2_font.c:705:8:u8g2_GetGlyphWidth	16	static
u8g2_font.c:1075:20:u8g2_string_width	32	static
u8g2_font.c:728:6:u8g2_SetFontMode	0	static
u8g2_font.c:733:13:u8g2_DrawGlyph	24	static
u8g2_font.c:758:20:u8g2_draw_string	32	static
u8g2_font.c:800:13:u8g2_DrawStr	8	static
u8g2_font.c:816:13:u8g2_DrawUTF8	8	static
u8g2_font.c:824:13:u8g2_DrawExtendedUTF8	40	static
u8g2_font.c:871:13:u8g2_DrawExtUTF8	40	static
u8g2_font.c:931:6:u8g2_UpdateRefHeight	16	static
u8g2_font.c:956:6:u8g2_SetFontRefHeightText	8	static
u8g2_font.c:962:6:u8g2_SetFontRefHeightExtendedText	8	static
u8g2_font.c:968:6:u8g2_SetFontRefHeightAll	8	static
u8g2_font.c:982:6:u8g2_SetFontPosBaseline	0	static
u8g2_font.c:993:6:u8g2_SetFontPosBottom	0	static
u8g2_font.c:1007:6:u8g2_SetFontPosTop	0	static
u8g2_font.c:1022:6:u8g2_SetFontPosCenter	0	static
u8g2_font.c:1029:6:u8g2_SetFont	8	static
u8g2_font.c:1066:9:u8g2_IsAllValidUTF8	8	static
u8g2_font.c:1129:8:u8g2_GetStrX	24	static
u8g2_font.c:1212:13:u8g2_GetStrWidth	8	static
u8g2_font.c:1218:13:u8g2_GetExactStrWidth	40	static
u8g2_font.c:1234:13:u8g2_GetUTF8Width	8	static
u8g2_font.c:1242:6:u8g2_SetFontDirection	0	static
